Archive member included to satisfy reference by file (symbol)

c:/program files (x86)/atmel/studio/7.0/toolchain/avr8/avr8-gnu-toolchain/bin/../lib/gcc/avr/5.4.0/../../../../avr/lib/avr51\libm.a(addsf3.o)
                              sensor_function.o (__subsf3)
c:/program files (x86)/atmel/studio/7.0/toolchain/avr8/avr8-gnu-toolchain/bin/../lib/gcc/avr/5.4.0/../../../../avr/lib/avr51\libm.a(addsf3x.o)
                              c:/program files (x86)/atmel/studio/7.0/toolchain/avr8/avr8-gnu-toolchain/bin/../lib/gcc/avr/5.4.0/../../../../avr/lib/avr51\libm.a(addsf3.o) (__addsf3x)
c:/program files (x86)/atmel/studio/7.0/toolchain/avr8/avr8-gnu-toolchain/bin/../lib/gcc/avr/5.4.0/../../../../avr/lib/avr51\libm.a(fixunssfsi.o)
                              main.o (__fixunssfsi)
c:/program files (x86)/atmel/studio/7.0/toolchain/avr8/avr8-gnu-toolchain/bin/../lib/gcc/avr/5.4.0/../../../../avr/lib/avr51\libm.a(floatsisf.o)
                              main.o (__floatunsisf)
c:/program files (x86)/atmel/studio/7.0/toolchain/avr8/avr8-gnu-toolchain/bin/../lib/gcc/avr/5.4.0/../../../../avr/lib/avr51\libm.a(fp_inf.o)
                              c:/program files (x86)/atmel/studio/7.0/toolchain/avr8/avr8-gnu-toolchain/bin/../lib/gcc/avr/5.4.0/../../../../avr/lib/avr51\libm.a(addsf3x.o) (__fp_inf)
c:/program files (x86)/atmel/studio/7.0/toolchain/avr8/avr8-gnu-toolchain/bin/../lib/gcc/avr/5.4.0/../../../../avr/lib/avr51\libm.a(fp_nan.o)
                              c:/program files (x86)/atmel/studio/7.0/toolchain/avr8/avr8-gnu-toolchain/bin/../lib/gcc/avr/5.4.0/../../../../avr/lib/avr51\libm.a(addsf3x.o) (__fp_nan)
c:/program files (x86)/atmel/studio/7.0/toolchain/avr8/avr8-gnu-toolchain/bin/../lib/gcc/avr/5.4.0/../../../../avr/lib/avr51\libm.a(fp_pscA.o)
                              c:/program files (x86)/atmel/studio/7.0/toolchain/avr8/avr8-gnu-toolchain/bin/../lib/gcc/avr/5.4.0/../../../../avr/lib/avr51\libm.a(addsf3x.o) (__fp_pscA)
c:/program files (x86)/atmel/studio/7.0/toolchain/avr8/avr8-gnu-toolchain/bin/../lib/gcc/avr/5.4.0/../../../../avr/lib/avr51\libm.a(fp_pscB.o)
                              c:/program files (x86)/atmel/studio/7.0/toolchain/avr8/avr8-gnu-toolchain/bin/../lib/gcc/avr/5.4.0/../../../../avr/lib/avr51\libm.a(addsf3x.o) (__fp_pscB)
c:/program files (x86)/atmel/studio/7.0/toolchain/avr8/avr8-gnu-toolchain/bin/../lib/gcc/avr/5.4.0/../../../../avr/lib/avr51\libm.a(fp_round.o)
                              c:/program files (x86)/atmel/studio/7.0/toolchain/avr8/avr8-gnu-toolchain/bin/../lib/gcc/avr/5.4.0/../../../../avr/lib/avr51\libm.a(addsf3.o) (__fp_round)
c:/program files (x86)/atmel/studio/7.0/toolchain/avr8/avr8-gnu-toolchain/bin/../lib/gcc/avr/5.4.0/../../../../avr/lib/avr51\libm.a(fp_split3.o)
                              c:/program files (x86)/atmel/studio/7.0/toolchain/avr8/avr8-gnu-toolchain/bin/../lib/gcc/avr/5.4.0/../../../../avr/lib/avr51\libm.a(addsf3x.o) (__fp_split3)
c:/program files (x86)/atmel/studio/7.0/toolchain/avr8/avr8-gnu-toolchain/bin/../lib/gcc/avr/5.4.0/../../../../avr/lib/avr51\libm.a(fp_zero.o)
                              c:/program files (x86)/atmel/studio/7.0/toolchain/avr8/avr8-gnu-toolchain/bin/../lib/gcc/avr/5.4.0/../../../../avr/lib/avr51\libm.a(addsf3x.o) (__fp_zero)
c:/program files (x86)/atmel/studio/7.0/toolchain/avr8/avr8-gnu-toolchain/bin/../lib/gcc/avr/5.4.0/../../../../avr/lib/avr51\libm.a(mulsf3.o)
                              sensor_function.o (__mulsf3)
c:/program files (x86)/atmel/studio/7.0/toolchain/avr8/avr8-gnu-toolchain/bin/../lib/gcc/avr/5.4.0/../../../../avr/lib/avr51\libm.a(mulsf3x.o)
                              c:/program files (x86)/atmel/studio/7.0/toolchain/avr8/avr8-gnu-toolchain/bin/../lib/gcc/avr/5.4.0/../../../../avr/lib/avr51\libm.a(mulsf3.o) (__mulsf3x)
c:/program files (x86)/atmel/studio/7.0/toolchain/avr8/avr8-gnu-toolchain/bin/../lib/gcc/avr/5.4.0/avr51\libgcc.a(_exit.o)
                              C:/Program Files (x86)/Atmel/Studio/7.0/Packs/atmel/ATmega_DFP/1.7.374/gcc/dev/at90can128/avr51/crtat90can128.o (exit)
c:/program files (x86)/atmel/studio/7.0/toolchain/avr8/avr8-gnu-toolchain/bin/../lib/gcc/avr/5.4.0/avr51\libgcc.a(_copy_data.o)
                              main.o (__do_copy_data)
c:/program files (x86)/atmel/studio/7.0/toolchain/avr8/avr8-gnu-toolchain/bin/../lib/gcc/avr/5.4.0/avr51\libgcc.a(_clear_bss.o)
                              adc_functions.o (__do_clear_bss)

Allocating common symbols
Common symbol       size              file

wheelspeed          0x4               main.o
SensorHubB2_databytes
                    0x8               CAN_data.o
SensorHubB0_databytes
                    0x8               CAN_data.o
can_SensorHubB2_mob
                    0x5               CAN_data.o
can_SensorHubB1_mob
                    0x5               CAN_data.o
can_SensorHubB0_mob
                    0x5               CAN_data.o
SensorHubB1_databytes
                    0x8               CAN_data.o
adc_values          0xe               adc_functions.o

Discarded input sections

 .data          0x00000000        0x0 C:/Program Files (x86)/Atmel/Studio/7.0/Packs/atmel/ATmega_DFP/1.7.374/gcc/dev/at90can128/avr51/crtat90can128.o
 .bss           0x00000000        0x0 C:/Program Files (x86)/Atmel/Studio/7.0/Packs/atmel/ATmega_DFP/1.7.374/gcc/dev/at90can128/avr51/crtat90can128.o
 .group         0x00000000        0x8 adc_functions.o
 .group         0x00000000        0x8 adc_functions.o
 .group         0x00000000        0x8 adc_functions.o
 .group         0x00000000        0x8 adc_functions.o
 .group         0x00000000        0x8 adc_functions.o
 .group         0x00000000        0x8 adc_functions.o
 .group         0x00000000        0x8 adc_functions.o
 .group         0x00000000        0x8 adc_functions.o
 .group         0x00000000        0x8 adc_functions.o
 .group         0x00000000        0x8 adc_functions.o
 .group         0x00000000        0x8 adc_functions.o
 .group         0x00000000        0x8 adc_functions.o
 .text          0x00000000        0x0 adc_functions.o
 .data          0x00000000        0x0 adc_functions.o
 .bss           0x00000000        0x0 adc_functions.o
 .group         0x00000000        0x8 CAN_data.o
 .group         0x00000000        0x8 CAN_data.o
 .group         0x00000000        0x8 CAN_data.o
 .group         0x00000000        0x8 CAN_data.o
 .group         0x00000000        0x8 CAN_data.o
 .group         0x00000000        0x8 CAN_data.o
 .group         0x00000000        0x8 CAN_data.o
 .group         0x00000000        0x8 CAN_data.o
 .group         0x00000000        0x8 CAN_data.o
 .group         0x00000000        0x8 CAN_data.o
 .group         0x00000000        0x8 CAN_data.o
 .text          0x00000000        0x0 CAN_data.o
 .data          0x00000000        0x0 CAN_data.o
 .bss           0x00000000        0x0 CAN_data.o
 .debug_macro   0x00000000      0xa66 CAN_data.o
 .debug_macro   0x00000000       0x10 CAN_data.o
 .debug_macro   0x00000000      0x1c9 CAN_data.o
 .debug_macro   0x00000000      0x2fc CAN_data.o
 .debug_macro   0x00000000       0x9e CAN_data.o
 .debug_macro   0x00000000     0x206e CAN_data.o
 .debug_macro   0x00000000      0x203 CAN_data.o
 .debug_macro   0x00000000       0xcb CAN_data.o
 .debug_macro   0x00000000       0x34 CAN_data.o
 .debug_macro   0x00000000       0x18 CAN_data.o
 .debug_macro   0x00000000       0x6c CAN_data.o
 .group         0x00000000        0x8 CAN_lib.o
 .group         0x00000000        0x8 CAN_lib.o
 .group         0x00000000        0x8 CAN_lib.o
 .group         0x00000000        0x8 CAN_lib.o
 .group         0x00000000        0x8 CAN_lib.o
 .group         0x00000000        0x8 CAN_lib.o
 .group         0x00000000        0x8 CAN_lib.o
 .group         0x00000000        0x8 CAN_lib.o
 .group         0x00000000        0x8 CAN_lib.o
 .group         0x00000000        0x8 CAN_lib.o
 .group         0x00000000        0x8 CAN_lib.o
 .text          0x00000000        0x0 CAN_lib.o
 .data          0x00000000        0x0 CAN_lib.o
 .bss           0x00000000        0x0 CAN_lib.o
 .text.can_rx   0x00000000       0xbc CAN_lib.o
 .debug_macro   0x00000000      0xa66 CAN_lib.o
 .debug_macro   0x00000000       0x10 CAN_lib.o
 .debug_macro   0x00000000      0x1c9 CAN_lib.o
 .debug_macro   0x00000000      0x2fc CAN_lib.o
 .debug_macro   0x00000000       0x9e CAN_lib.o
 .debug_macro   0x00000000     0x206e CAN_lib.o
 .debug_macro   0x00000000      0x203 CAN_lib.o
 .debug_macro   0x00000000       0xcb CAN_lib.o
 .debug_macro   0x00000000       0x34 CAN_lib.o
 .debug_macro   0x00000000       0x18 CAN_lib.o
 .debug_macro   0x00000000       0x6c CAN_lib.o
 .group         0x00000000        0x8 main.o
 .group         0x00000000        0x8 main.o
 .group         0x00000000        0x8 main.o
 .group         0x00000000        0x8 main.o
 .group         0x00000000        0x8 main.o
 .group         0x00000000        0x8 main.o
 .group         0x00000000        0x8 main.o
 .group         0x00000000        0x8 main.o
 .group         0x00000000        0x8 main.o
 .group         0x00000000        0x8 main.o
 .group         0x00000000        0x8 main.o
 .group         0x00000000        0x8 main.o
 .group         0x00000000        0x8 main.o
 .group         0x00000000        0x8 main.o
 .group         0x00000000        0x8 main.o
 .group         0x00000000        0x8 main.o
 .text          0x00000000        0x0 main.o
 .data          0x00000000        0x0 main.o
 .bss           0x00000000        0x0 main.o
 .bss.steering_sign
                0x00000000        0x1 main.o
 .bss.time_1000ms
                0x00000000        0x4 main.o
 .debug_macro   0x00000000      0xa66 main.o
 .debug_macro   0x00000000       0x10 main.o
 .debug_macro   0x00000000      0x1c9 main.o
 .debug_macro   0x00000000      0x2fc main.o
 .debug_macro   0x00000000       0x9e main.o
 .debug_macro   0x00000000     0x206e main.o
 .debug_macro   0x00000000      0x203 main.o
 .debug_macro   0x00000000       0xcb main.o
 .debug_macro   0x00000000       0x34 main.o
 .debug_macro   0x00000000       0x18 main.o
 .debug_macro   0x00000000       0x6c main.o
 .debug_macro   0x00000000       0x69 main.o
 .group         0x00000000        0x8 misc_functions.o
 .group         0x00000000        0x8 misc_functions.o
 .group         0x00000000        0x8 misc_functions.o
 .group         0x00000000        0x8 misc_functions.o
 .group         0x00000000        0x8 misc_functions.o
 .group         0x00000000        0x8 misc_functions.o
 .group         0x00000000        0x8 misc_functions.o
 .group         0x00000000        0x8 misc_functions.o
 .group         0x00000000        0x8 misc_functions.o
 .group         0x00000000        0x8 misc_functions.o
 .group         0x00000000        0x8 misc_functions.o
 .group         0x00000000        0x8 misc_functions.o
 .text          0x00000000        0x0 misc_functions.o
 .data          0x00000000        0x0 misc_functions.o
 .bss           0x00000000        0x0 misc_functions.o
 .text.fault_not_detected
                0x00000000        0x4 misc_functions.o
 .text.fault_detected
                0x00000000        0x4 misc_functions.o
 .debug_macro   0x00000000      0xa66 misc_functions.o
 .debug_macro   0x00000000       0x10 misc_functions.o
 .debug_macro   0x00000000      0x1c9 misc_functions.o
 .debug_macro   0x00000000      0x2fc misc_functions.o
 .debug_macro   0x00000000       0x9e misc_functions.o
 .debug_macro   0x00000000     0x206e misc_functions.o
 .debug_macro   0x00000000      0x203 misc_functions.o
 .debug_macro   0x00000000       0xcb misc_functions.o
 .debug_macro   0x00000000       0x34 misc_functions.o
 .debug_macro   0x00000000       0x18 misc_functions.o
 .debug_macro   0x00000000       0x6c misc_functions.o
 .debug_macro   0x00000000       0x69 misc_functions.o
 .group         0x00000000        0x8 sensor_function.o
 .group         0x00000000        0x8 sensor_function.o
 .group         0x00000000        0x8 sensor_function.o
 .group         0x00000000        0x8 sensor_function.o
 .group         0x00000000        0x8 sensor_function.o
 .group         0x00000000        0x8 sensor_function.o
 .group         0x00000000        0x8 sensor_function.o
 .group         0x00000000        0x8 sensor_function.o
 .group         0x00000000        0x8 sensor_function.o
 .group         0x00000000        0x8 sensor_function.o
 .group         0x00000000        0x8 sensor_function.o
 .group         0x00000000        0x8 sensor_function.o
 .group         0x00000000        0x8 sensor_function.o
 .group         0x00000000        0x8 sensor_function.o
 .text          0x00000000        0x0 sensor_function.o
 .data          0x00000000        0x0 sensor_function.o
 .bss           0x00000000        0x0 sensor_function.o
 .debug_macro   0x00000000      0xa66 sensor_function.o
 .debug_macro   0x00000000       0x10 sensor_function.o
 .debug_macro   0x00000000      0x1c9 sensor_function.o
 .debug_macro   0x00000000      0x2fc sensor_function.o
 .debug_macro   0x00000000       0x9e sensor_function.o
 .debug_macro   0x00000000     0x206e sensor_function.o
 .debug_macro   0x00000000      0x203 sensor_function.o
 .debug_macro   0x00000000       0xcb sensor_function.o
 .debug_macro   0x00000000       0x34 sensor_function.o
 .debug_macro   0x00000000       0x18 sensor_function.o
 .debug_macro   0x00000000       0x6c sensor_function.o
 .debug_macro   0x00000000       0x69 sensor_function.o
 .group         0x00000000        0x8 SPI_lib.o
 .group         0x00000000        0x8 SPI_lib.o
 .group         0x00000000        0x8 SPI_lib.o
 .group         0x00000000        0x8 SPI_lib.o
 .group         0x00000000        0x8 SPI_lib.o
 .group         0x00000000        0x8 SPI_lib.o
 .group         0x00000000        0x8 SPI_lib.o
 .group         0x00000000        0x8 SPI_lib.o
 .group         0x00000000        0x8 SPI_lib.o
 .group         0x00000000        0x8 SPI_lib.o
 .group         0x00000000        0x8 SPI_lib.o
 .group         0x00000000        0x8 SPI_lib.o
 .group         0x00000000        0x8 SPI_lib.o
 .text          0x00000000        0x0 SPI_lib.o
 .data          0x00000000        0x0 SPI_lib.o
 .bss           0x00000000        0x0 SPI_lib.o
 .text.SPI_SlaveInit
                0x00000000       0x10 SPI_lib.o
 .text.SPI_SlaveReceive
                0x00000000        0xa SPI_lib.o
 .debug_macro   0x00000000      0xa66 SPI_lib.o
 .debug_macro   0x00000000       0x10 SPI_lib.o
 .debug_macro   0x00000000      0x1c9 SPI_lib.o
 .debug_macro   0x00000000      0x2fc SPI_lib.o
 .debug_macro   0x00000000       0x9e SPI_lib.o
 .debug_macro   0x00000000     0x206e SPI_lib.o
 .debug_macro   0x00000000      0x203 SPI_lib.o
 .debug_macro   0x00000000       0xcb SPI_lib.o
 .debug_macro   0x00000000       0x34 SPI_lib.o
 .debug_macro   0x00000000       0x18 SPI_lib.o
 .debug_macro   0x00000000       0x6c SPI_lib.o
 .debug_macro   0x00000000       0x69 SPI_lib.o
 .debug_macro   0x00000000       0x82 SPI_lib.o
 .text          0x00000000        0x0 c:/program files (x86)/atmel/studio/7.0/toolchain/avr8/avr8-gnu-toolchain/bin/../lib/gcc/avr/5.4.0/../../../../avr/lib/avr51\libm.a(addsf3.o)
 .data          0x00000000        0x0 c:/program files (x86)/atmel/studio/7.0/toolchain/avr8/avr8-gnu-toolchain/bin/../lib/gcc/avr/5.4.0/../../../../avr/lib/avr51\libm.a(addsf3.o)
 .bss           0x00000000        0x0 c:/program files (x86)/atmel/studio/7.0/toolchain/avr8/avr8-gnu-toolchain/bin/../lib/gcc/avr/5.4.0/../../../../avr/lib/avr51\libm.a(addsf3.o)
 .text          0x00000000        0x0 c:/program files (x86)/atmel/studio/7.0/toolchain/avr8/avr8-gnu-toolchain/bin/../lib/gcc/avr/5.4.0/../../../../avr/lib/avr51\libm.a(addsf3x.o)
 .data          0x00000000        0x0 c:/program files (x86)/atmel/studio/7.0/toolchain/avr8/avr8-gnu-toolchain/bin/../lib/gcc/avr/5.4.0/../../../../avr/lib/avr51\libm.a(addsf3x.o)
 .bss           0x00000000        0x0 c:/program files (x86)/atmel/studio/7.0/toolchain/avr8/avr8-gnu-toolchain/bin/../lib/gcc/avr/5.4.0/../../../../avr/lib/avr51\libm.a(addsf3x.o)
 .text          0x00000000        0x0 c:/program files (x86)/atmel/studio/7.0/toolchain/avr8/avr8-gnu-toolchain/bin/../lib/gcc/avr/5.4.0/../../../../avr/lib/avr51\libm.a(fixunssfsi.o)
 .data          0x00000000        0x0 c:/program files (x86)/atmel/studio/7.0/toolchain/avr8/avr8-gnu-toolchain/bin/../lib/gcc/avr/5.4.0/../../../../avr/lib/avr51\libm.a(fixunssfsi.o)
 .bss           0x00000000        0x0 c:/program files (x86)/atmel/studio/7.0/toolchain/avr8/avr8-gnu-toolchain/bin/../lib/gcc/avr/5.4.0/../../../../avr/lib/avr51\libm.a(fixunssfsi.o)
 .text          0x00000000        0x0 c:/program files (x86)/atmel/studio/7.0/toolchain/avr8/avr8-gnu-toolchain/bin/../lib/gcc/avr/5.4.0/../../../../avr/lib/avr51\libm.a(floatsisf.o)
 .data          0x00000000        0x0 c:/program files (x86)/atmel/studio/7.0/toolchain/avr8/avr8-gnu-toolchain/bin/../lib/gcc/avr/5.4.0/../../../../avr/lib/avr51\libm.a(floatsisf.o)
 .bss           0x00000000        0x0 c:/program files (x86)/atmel/studio/7.0/toolchain/avr8/avr8-gnu-toolchain/bin/../lib/gcc/avr/5.4.0/../../../../avr/lib/avr51\libm.a(floatsisf.o)
 .text          0x00000000        0x0 c:/program files (x86)/atmel/studio/7.0/toolchain/avr8/avr8-gnu-toolchain/bin/../lib/gcc/avr/5.4.0/../../../../avr/lib/avr51\libm.a(fp_inf.o)
 .data          0x00000000        0x0 c:/program files (x86)/atmel/studio/7.0/toolchain/avr8/avr8-gnu-toolchain/bin/../lib/gcc/avr/5.4.0/../../../../avr/lib/avr51\libm.a(fp_inf.o)
 .bss           0x00000000        0x0 c:/program files (x86)/atmel/studio/7.0/toolchain/avr8/avr8-gnu-toolchain/bin/../lib/gcc/avr/5.4.0/../../../../avr/lib/avr51\libm.a(fp_inf.o)
 .text          0x00000000        0x0 c:/program files (x86)/atmel/studio/7.0/toolchain/avr8/avr8-gnu-toolchain/bin/../lib/gcc/avr/5.4.0/../../../../avr/lib/avr51\libm.a(fp_nan.o)
 .data          0x00000000        0x0 c:/program files (x86)/atmel/studio/7.0/toolchain/avr8/avr8-gnu-toolchain/bin/../lib/gcc/avr/5.4.0/../../../../avr/lib/avr51\libm.a(fp_nan.o)
 .bss           0x00000000        0x0 c:/program files (x86)/atmel/studio/7.0/toolchain/avr8/avr8-gnu-toolchain/bin/../lib/gcc/avr/5.4.0/../../../../avr/lib/avr51\libm.a(fp_nan.o)
 .text          0x00000000        0x0 c:/program files (x86)/atmel/studio/7.0/toolchain/avr8/avr8-gnu-toolchain/bin/../lib/gcc/avr/5.4.0/../../../../avr/lib/avr51\libm.a(fp_pscA.o)
 .data          0x00000000        0x0 c:/program files (x86)/atmel/studio/7.0/toolchain/avr8/avr8-gnu-toolchain/bin/../lib/gcc/avr/5.4.0/../../../../avr/lib/avr51\libm.a(fp_pscA.o)
 .bss           0x00000000        0x0 c:/program files (x86)/atmel/studio/7.0/toolchain/avr8/avr8-gnu-toolchain/bin/../lib/gcc/avr/5.4.0/../../../../avr/lib/avr51\libm.a(fp_pscA.o)
 .text          0x00000000        0x0 c:/program files (x86)/atmel/studio/7.0/toolchain/avr8/avr8-gnu-toolchain/bin/../lib/gcc/avr/5.4.0/../../../../avr/lib/avr51\libm.a(fp_pscB.o)
 .data          0x00000000        0x0 c:/program files (x86)/atmel/studio/7.0/toolchain/avr8/avr8-gnu-toolchain/bin/../lib/gcc/avr/5.4.0/../../../../avr/lib/avr51\libm.a(fp_pscB.o)
 .bss           0x00000000        0x0 c:/program files (x86)/atmel/studio/7.0/toolchain/avr8/avr8-gnu-toolchain/bin/../lib/gcc/avr/5.4.0/../../../../avr/lib/avr51\libm.a(fp_pscB.o)
 .text          0x00000000        0x0 c:/program files (x86)/atmel/studio/7.0/toolchain/avr8/avr8-gnu-toolchain/bin/../lib/gcc/avr/5.4.0/../../../../avr/lib/avr51\libm.a(fp_round.o)
 .data          0x00000000        0x0 c:/program files (x86)/atmel/studio/7.0/toolchain/avr8/avr8-gnu-toolchain/bin/../lib/gcc/avr/5.4.0/../../../../avr/lib/avr51\libm.a(fp_round.o)
 .bss           0x00000000        0x0 c:/program files (x86)/atmel/studio/7.0/toolchain/avr8/avr8-gnu-toolchain/bin/../lib/gcc/avr/5.4.0/../../../../avr/lib/avr51\libm.a(fp_round.o)
 .text          0x00000000        0x0 c:/program files (x86)/atmel/studio/7.0/toolchain/avr8/avr8-gnu-toolchain/bin/../lib/gcc/avr/5.4.0/../../../../avr/lib/avr51\libm.a(fp_split3.o)
 .data          0x00000000        0x0 c:/program files (x86)/atmel/studio/7.0/toolchain/avr8/avr8-gnu-toolchain/bin/../lib/gcc/avr/5.4.0/../../../../avr/lib/avr51\libm.a(fp_split3.o)
 .bss           0x00000000        0x0 c:/program files (x86)/atmel/studio/7.0/toolchain/avr8/avr8-gnu-toolchain/bin/../lib/gcc/avr/5.4.0/../../../../avr/lib/avr51\libm.a(fp_split3.o)
 .text          0x00000000        0x0 c:/program files (x86)/atmel/studio/7.0/toolchain/avr8/avr8-gnu-toolchain/bin/../lib/gcc/avr/5.4.0/../../../../avr/lib/avr51\libm.a(fp_zero.o)
 .data          0x00000000        0x0 c:/program files (x86)/atmel/studio/7.0/toolchain/avr8/avr8-gnu-toolchain/bin/../lib/gcc/avr/5.4.0/../../../../avr/lib/avr51\libm.a(fp_zero.o)
 .bss           0x00000000        0x0 c:/program files (x86)/atmel/studio/7.0/toolchain/avr8/avr8-gnu-toolchain/bin/../lib/gcc/avr/5.4.0/../../../../avr/lib/avr51\libm.a(fp_zero.o)
 .text          0x00000000        0x0 c:/program files (x86)/atmel/studio/7.0/toolchain/avr8/avr8-gnu-toolchain/bin/../lib/gcc/avr/5.4.0/../../../../avr/lib/avr51\libm.a(mulsf3.o)
 .data          0x00000000        0x0 c:/program files (x86)/atmel/studio/7.0/toolchain/avr8/avr8-gnu-toolchain/bin/../lib/gcc/avr/5.4.0/../../../../avr/lib/avr51\libm.a(mulsf3.o)
 .bss           0x00000000        0x0 c:/program files (x86)/atmel/studio/7.0/toolchain/avr8/avr8-gnu-toolchain/bin/../lib/gcc/avr/5.4.0/../../../../avr/lib/avr51\libm.a(mulsf3.o)
 .text          0x00000000        0x0 c:/program files (x86)/atmel/studio/7.0/toolchain/avr8/avr8-gnu-toolchain/bin/../lib/gcc/avr/5.4.0/../../../../avr/lib/avr51\libm.a(mulsf3x.o)
 .data          0x00000000        0x0 c:/program files (x86)/atmel/studio/7.0/toolchain/avr8/avr8-gnu-toolchain/bin/../lib/gcc/avr/5.4.0/../../../../avr/lib/avr51\libm.a(mulsf3x.o)
 .bss           0x00000000        0x0 c:/program files (x86)/atmel/studio/7.0/toolchain/avr8/avr8-gnu-toolchain/bin/../lib/gcc/avr/5.4.0/../../../../avr/lib/avr51\libm.a(mulsf3x.o)
 .text          0x00000000        0x0 c:/program files (x86)/atmel/studio/7.0/toolchain/avr8/avr8-gnu-toolchain/bin/../lib/gcc/avr/5.4.0/avr51\libgcc.a(_exit.o)
 .data          0x00000000        0x0 c:/program files (x86)/atmel/studio/7.0/toolchain/avr8/avr8-gnu-toolchain/bin/../lib/gcc/avr/5.4.0/avr51\libgcc.a(_exit.o)
 .bss           0x00000000        0x0 c:/program files (x86)/atmel/studio/7.0/toolchain/avr8/avr8-gnu-toolchain/bin/../lib/gcc/avr/5.4.0/avr51\libgcc.a(_exit.o)
 .text.libgcc.mul
                0x00000000        0x0 c:/program files (x86)/atmel/studio/7.0/toolchain/avr8/avr8-gnu-toolchain/bin/../lib/gcc/avr/5.4.0/avr51\libgcc.a(_exit.o)
 .text.libgcc.div
                0x00000000        0x0 c:/program files (x86)/atmel/studio/7.0/toolchain/avr8/avr8-gnu-toolchain/bin/../lib/gcc/avr/5.4.0/avr51\libgcc.a(_exit.o)
 .text.libgcc   0x00000000        0x0 c:/program files (x86)/atmel/studio/7.0/toolchain/avr8/avr8-gnu-toolchain/bin/../lib/gcc/avr/5.4.0/avr51\libgcc.a(_exit.o)
 .text.libgcc.prologue
                0x00000000        0x0 c:/program files (x86)/atmel/studio/7.0/toolchain/avr8/avr8-gnu-toolchain/bin/../lib/gcc/avr/5.4.0/avr51\libgcc.a(_exit.o)
 .text.libgcc.builtins
                0x00000000        0x0 c:/program files (x86)/atmel/studio/7.0/toolchain/avr8/avr8-gnu-toolchain/bin/../lib/gcc/avr/5.4.0/avr51\libgcc.a(_exit.o)
 .text.libgcc.fmul
                0x00000000        0x0 c:/program files (x86)/atmel/studio/7.0/toolchain/avr8/avr8-gnu-toolchain/bin/../lib/gcc/avr/5.4.0/avr51\libgcc.a(_exit.o)
 .text.libgcc.fixed
                0x00000000        0x0 c:/program files (x86)/atmel/studio/7.0/toolchain/avr8/avr8-gnu-toolchain/bin/../lib/gcc/avr/5.4.0/avr51\libgcc.a(_exit.o)
 .text          0x00000000        0x0 c:/program files (x86)/atmel/studio/7.0/toolchain/avr8/avr8-gnu-toolchain/bin/../lib/gcc/avr/5.4.0/avr51\libgcc.a(_copy_data.o)
 .data          0x00000000        0x0 c:/program files (x86)/atmel/studio/7.0/toolchain/avr8/avr8-gnu-toolchain/bin/../lib/gcc/avr/5.4.0/avr51\libgcc.a(_copy_data.o)
 .bss           0x00000000        0x0 c:/program files (x86)/atmel/studio/7.0/toolchain/avr8/avr8-gnu-toolchain/bin/../lib/gcc/avr/5.4.0/avr51\libgcc.a(_copy_data.o)
 .text.libgcc.mul
                0x00000000        0x0 c:/program files (x86)/atmel/studio/7.0/toolchain/avr8/avr8-gnu-toolchain/bin/../lib/gcc/avr/5.4.0/avr51\libgcc.a(_copy_data.o)
 .text.libgcc.div
                0x00000000        0x0 c:/program files (x86)/atmel/studio/7.0/toolchain/avr8/avr8-gnu-toolchain/bin/../lib/gcc/avr/5.4.0/avr51\libgcc.a(_copy_data.o)
 .text.libgcc   0x00000000        0x0 c:/program files (x86)/atmel/studio/7.0/toolchain/avr8/avr8-gnu-toolchain/bin/../lib/gcc/avr/5.4.0/avr51\libgcc.a(_copy_data.o)
 .text.libgcc.prologue
                0x00000000        0x0 c:/program files (x86)/atmel/studio/7.0/toolchain/avr8/avr8-gnu-toolchain/bin/../lib/gcc/avr/5.4.0/avr51\libgcc.a(_copy_data.o)
 .text.libgcc.builtins
                0x00000000        0x0 c:/program files (x86)/atmel/studio/7.0/toolchain/avr8/avr8-gnu-toolchain/bin/../lib/gcc/avr/5.4.0/avr51\libgcc.a(_copy_data.o)
 .text.libgcc.fmul
                0x00000000        0x0 c:/program files (x86)/atmel/studio/7.0/toolchain/avr8/avr8-gnu-toolchain/bin/../lib/gcc/avr/5.4.0/avr51\libgcc.a(_copy_data.o)
 .text.libgcc.fixed
                0x00000000        0x0 c:/program files (x86)/atmel/studio/7.0/toolchain/avr8/avr8-gnu-toolchain/bin/../lib/gcc/avr/5.4.0/avr51\libgcc.a(_copy_data.o)
 .text          0x00000000        0x0 c:/program files (x86)/atmel/studio/7.0/toolchain/avr8/avr8-gnu-toolchain/bin/../lib/gcc/avr/5.4.0/avr51\libgcc.a(_clear_bss.o)
 .data          0x00000000        0x0 c:/program files (x86)/atmel/studio/7.0/toolchain/avr8/avr8-gnu-toolchain/bin/../lib/gcc/avr/5.4.0/avr51\libgcc.a(_clear_bss.o)
 .bss           0x00000000        0x0 c:/program files (x86)/atmel/studio/7.0/toolchain/avr8/avr8-gnu-toolchain/bin/../lib/gcc/avr/5.4.0/avr51\libgcc.a(_clear_bss.o)
 .text.libgcc.mul
                0x00000000        0x0 c:/program files (x86)/atmel/studio/7.0/toolchain/avr8/avr8-gnu-toolchain/bin/../lib/gcc/avr/5.4.0/avr51\libgcc.a(_clear_bss.o)
 .text.libgcc.div
                0x00000000        0x0 c:/program files (x86)/atmel/studio/7.0/toolchain/avr8/avr8-gnu-toolchain/bin/../lib/gcc/avr/5.4.0/avr51\libgcc.a(_clear_bss.o)
 .text.libgcc   0x00000000        0x0 c:/program files (x86)/atmel/studio/7.0/toolchain/avr8/avr8-gnu-toolchain/bin/../lib/gcc/avr/5.4.0/avr51\libgcc.a(_clear_bss.o)
 .text.libgcc.prologue
                0x00000000        0x0 c:/program files (x86)/atmel/studio/7.0/toolchain/avr8/avr8-gnu-toolchain/bin/../lib/gcc/avr/5.4.0/avr51\libgcc.a(_clear_bss.o)
 .text.libgcc.builtins
                0x00000000        0x0 c:/program files (x86)/atmel/studio/7.0/toolchain/avr8/avr8-gnu-toolchain/bin/../lib/gcc/avr/5.4.0/avr51\libgcc.a(_clear_bss.o)
 .text.libgcc.fmul
                0x00000000        0x0 c:/program files (x86)/atmel/studio/7.0/toolchain/avr8/avr8-gnu-toolchain/bin/../lib/gcc/avr/5.4.0/avr51\libgcc.a(_clear_bss.o)
 .text.libgcc.fixed
                0x00000000        0x0 c:/program files (x86)/atmel/studio/7.0/toolchain/avr8/avr8-gnu-toolchain/bin/../lib/gcc/avr/5.4.0/avr51\libgcc.a(_clear_bss.o)

Memory Configuration

Name             Origin             Length             Attributes
text             0x00000000         0x00020000         xr
data             0x00800100         0x00001000         rw !x
eeprom           0x00810000         0x00001000         rw !x
fuse             0x00820000         0x00000003         rw !x
lock             0x00830000         0x00000400         rw !x
signature        0x00840000         0x00000400         rw !x
user_signatures  0x00850000         0x00000400         rw !x
*default*        0x00000000         0xffffffff

Linker script and memory map

Address of section .data set to 0x800100
LOAD C:/Program Files (x86)/Atmel/Studio/7.0/Packs/atmel/ATmega_DFP/1.7.374/gcc/dev/at90can128/avr51/crtat90can128.o
LOAD adc_functions.o
LOAD CAN_data.o
LOAD CAN_lib.o
LOAD main.o
LOAD misc_functions.o
LOAD sensor_function.o
LOAD SPI_lib.o
START GROUP
LOAD c:/program files (x86)/atmel/studio/7.0/toolchain/avr8/avr8-gnu-toolchain/bin/../lib/gcc/avr/5.4.0/../../../../avr/lib/avr51\libm.a
END GROUP
START GROUP
LOAD c:/program files (x86)/atmel/studio/7.0/toolchain/avr8/avr8-gnu-toolchain/bin/../lib/gcc/avr/5.4.0/avr51\libgcc.a
LOAD c:/program files (x86)/atmel/studio/7.0/toolchain/avr8/avr8-gnu-toolchain/bin/../lib/gcc/avr/5.4.0/../../../../avr/lib/avr51\libm.a
LOAD c:/program files (x86)/atmel/studio/7.0/toolchain/avr8/avr8-gnu-toolchain/bin/../lib/gcc/avr/5.4.0/../../../../avr/lib/avr51\libc.a
LOAD C:/Program Files (x86)/Atmel/Studio/7.0/Packs/atmel/ATmega_DFP/1.7.374/gcc/dev/at90can128/avr51\libat90can128.a
END GROUP
                0x00000000                __TEXT_REGION_ORIGIN__ = DEFINED (__TEXT_REGION_ORIGIN__)?__TEXT_REGION_ORIGIN__:0x0
                [0x00800100]                __DATA_REGION_ORIGIN__ = DEFINED (__DATA_REGION_ORIGIN__)?__DATA_REGION_ORIGIN__:0x800100
                [0x00020000]                __TEXT_REGION_LENGTH__ = DEFINED (__TEXT_REGION_LENGTH__)?__TEXT_REGION_LENGTH__:0x20000
                [0x00001000]                __DATA_REGION_LENGTH__ = DEFINED (__DATA_REGION_LENGTH__)?__DATA_REGION_LENGTH__:0xff00
                [0x00001000]                __EEPROM_REGION_LENGTH__ = DEFINED (__EEPROM_REGION_LENGTH__)?__EEPROM_REGION_LENGTH__:0x10000
                [0x00000003]                __FUSE_REGION_LENGTH__ = DEFINED (__FUSE_REGION_LENGTH__)?__FUSE_REGION_LENGTH__:0x400
                0x00000400                __LOCK_REGION_LENGTH__ = DEFINED (__LOCK_REGION_LENGTH__)?__LOCK_REGION_LENGTH__:0x400
                0x00000400                __SIGNATURE_REGION_LENGTH__ = DEFINED (__SIGNATURE_REGION_LENGTH__)?__SIGNATURE_REGION_LENGTH__:0x400
                0x00000400                __USER_SIGNATURE_REGION_LENGTH__ = DEFINED (__USER_SIGNATURE_REGION_LENGTH__)?__USER_SIGNATURE_REGION_LENGTH__:0x400

.hash
 *(.hash)

.dynsym
 *(.dynsym)

.dynstr
 *(.dynstr)

.gnu.version
 *(.gnu.version)

.gnu.version_d
 *(.gnu.version_d)

.gnu.version_r
 *(.gnu.version_r)

.rel.init
 *(.rel.init)

.rela.init
 *(.rela.init)

.rel.text
 *(.rel.text)
 *(.rel.text.*)
 *(.rel.gnu.linkonce.t*)

.rela.text
 *(.rela.text)
 *(.rela.text.*)
 *(.rela.gnu.linkonce.t*)

.rel.fini
 *(.rel.fini)

.rela.fini
 *(.rela.fini)

.rel.rodata
 *(.rel.rodata)
 *(.rel.rodata.*)
 *(.rel.gnu.linkonce.r*)

.rela.rodata
 *(.rela.rodata)
 *(.rela.rodata.*)
 *(.rela.gnu.linkonce.r*)

.rel.data
 *(.rel.data)
 *(.rel.data.*)
 *(.rel.gnu.linkonce.d*)

.rela.data
 *(.rela.data)
 *(.rela.data.*)
 *(.rela.gnu.linkonce.d*)

.rel.ctors
 *(.rel.ctors)

.rela.ctors
 *(.rela.ctors)

.rel.dtors
 *(.rel.dtors)

.rela.dtors
 *(.rela.dtors)

.rel.got
 *(.rel.got)

.rela.got
 *(.rela.got)

.rel.bss
 *(.rel.bss)

.rela.bss
 *(.rela.bss)

.rel.plt
 *(.rel.plt)

.rela.plt
 *(.rela.plt)

.text           0x00000000      0xa32
 *(.vectors)
 .vectors       0x00000000       0x94 C:/Program Files (x86)/Atmel/Studio/7.0/Packs/atmel/ATmega_DFP/1.7.374/gcc/dev/at90can128/avr51/crtat90can128.o
                0x00000000                __vector_default
                0x00000000                __vectors
 *(.vectors)
 *(.progmem.gcc*)
                0x00000094                . = ALIGN (0x2)
                0x00000094                __trampolines_start = .
 *(.trampolines)
 .trampolines   0x00000094        0x0 linker stubs
 *(.trampolines*)
                0x00000094                __trampolines_end = .
 *libprintf_flt.a:*(.progmem.data)
 *libc.a:*(.progmem.data)
 *(.progmem*)
                0x00000094                . = ALIGN (0x2)
 *(.jumptables)
 *(.jumptables*)
 *(.lowtext)
 *(.lowtext*)
                0x00000094                __ctors_start = .
 *(.ctors)
                0x00000094                __ctors_end = .
                0x00000094                __dtors_start = .
 *(.dtors)
                0x00000094                __dtors_end = .
 SORT(*)(.ctors)
 SORT(*)(.dtors)
 *(.init0)
 .init0         0x00000094        0x0 C:/Program Files (x86)/Atmel/Studio/7.0/Packs/atmel/ATmega_DFP/1.7.374/gcc/dev/at90can128/avr51/crtat90can128.o
                0x00000094                __init
 *(.init0)
 *(.init1)
 *(.init1)
 *(.init2)
 .init2         0x00000094        0xc C:/Program Files (x86)/Atmel/Studio/7.0/Packs/atmel/ATmega_DFP/1.7.374/gcc/dev/at90can128/avr51/crtat90can128.o
 *(.init2)
 *(.init3)
 *(.init3)
 *(.init4)
 .init4         0x000000a0       0x1a c:/program files (x86)/atmel/studio/7.0/toolchain/avr8/avr8-gnu-toolchain/bin/../lib/gcc/avr/5.4.0/avr51\libgcc.a(_copy_data.o)
                0x000000a0                __do_copy_data
 .init4         0x000000ba       0x10 c:/program files (x86)/atmel/studio/7.0/toolchain/avr8/avr8-gnu-toolchain/bin/../lib/gcc/avr/5.4.0/avr51\libgcc.a(_clear_bss.o)
                0x000000ba                __do_clear_bss
 *(.init4)
 *(.init5)
 *(.init5)
 *(.init6)
 *(.init6)
 *(.init7)
 *(.init7)
 *(.init8)
 *(.init8)
 *(.init9)
 .init9         0x000000ca        0x4 C:/Program Files (x86)/Atmel/Studio/7.0/Packs/atmel/ATmega_DFP/1.7.374/gcc/dev/at90can128/avr51/crtat90can128.o
 *(.init9)
 *(.text)
 .text          0x000000ce        0x2 C:/Program Files (x86)/Atmel/Studio/7.0/Packs/atmel/ATmega_DFP/1.7.374/gcc/dev/at90can128/avr51/crtat90can128.o
                0x000000ce                __vector_22
                0x000000ce                __vector_28
                0x000000ce                __vector_1
                0x000000ce                __vector_32
                0x000000ce                __vector_34
                0x000000ce                __vector_24
                0x000000ce                __vector_12
                0x000000ce                __bad_interrupt
                0x000000ce                __vector_6
                0x000000ce                __vector_31
                0x000000ce                __vector_35
                0x000000ce                __vector_3
                0x000000ce                __vector_23
                0x000000ce                __vector_30
                0x000000ce                __vector_11
                0x000000ce                __vector_13
                0x000000ce                __vector_17
                0x000000ce                __vector_19
                0x000000ce                __vector_7
                0x000000ce                __vector_27
                0x000000ce                __vector_5
                0x000000ce                __vector_33
                0x000000ce                __vector_4
                0x000000ce                __vector_9
                0x000000ce                __vector_2
                0x000000ce                __vector_21
                0x000000ce                __vector_15
                0x000000ce                __vector_36
                0x000000ce                __vector_29
                0x000000ce                __vector_8
                0x000000ce                __vector_26
                0x000000ce                __vector_14
                0x000000ce                __vector_10
                0x000000ce                __vector_18
                0x000000ce                __vector_20
                0x000000d0                . = ALIGN (0x2)
 *(.text.*)
 .text.adc_config
                0x000000d0       0x16 adc_functions.o
                0x000000d0                adc_config
 .text.adc_start_conversion
                0x000000e6        0xc adc_functions.o
                0x000000e6                adc_start_conversion
 .text.__vector_25
                0x000000f2       0x66 adc_functions.o
                0x000000f2                __vector_25
 .text.adc_get  0x00000158       0x12 adc_functions.o
                0x00000158                adc_get
 .text.CAN_Init_Messages
                0x0000016a       0x2c CAN_data.o
                0x0000016a                CAN_Init_Messages
 .text.can_check_free
                0x00000196       0x3e CAN_lib.o
                0x00000196                can_check_free
 .text.can_cfg  0x000001d4      0x118 CAN_lib.o
                0x000001d4                can_cfg
 .text.can_tx   0x000002ec       0x90 CAN_lib.o
                0x000002ec                can_tx
 .text.main     0x0000037c      0x2dc main.o
                0x0000037c                main
 .text.port_config
                0x00000658        0xe misc_functions.o
                0x00000658                port_config
 .text.sys_timer_config
                0x00000666       0x10 misc_functions.o
                0x00000666                sys_timer_config
 .text.sys_tick_heart
                0x00000676        0xa misc_functions.o
                0x00000676                sys_tick_heart
 .text.__vector_16
                0x00000680       0x4a misc_functions.o
                0x00000680                __vector_16
 .text.temp_calc
                0x000006ca       0x24 sensor_function.o
                0x000006ca                temp_calc
 .text.damper_poti
                0x000006ee       0x20 sensor_function.o
                0x000006ee                damper_poti
 .text.SPI_MasterInit
                0x0000070e       0x1c SPI_lib.o
                0x0000070e                SPI_MasterInit
 .text.avr-libc.fplib
                0x0000072a        0xa c:/program files (x86)/atmel/studio/7.0/toolchain/avr8/avr8-gnu-toolchain/bin/../lib/gcc/avr/5.4.0/../../../../avr/lib/avr51\libm.a(addsf3.o)
                0x0000072a                __subsf3
                0x0000072c                __addsf3
 .text.avr-libc.fplib
                0x00000734       0xc0 c:/program files (x86)/atmel/studio/7.0/toolchain/avr8/avr8-gnu-toolchain/bin/../lib/gcc/avr/5.4.0/../../../../avr/lib/avr51\libm.a(addsf3x.o)
                0x0000074e                __addsf3x
 .text.avr-libc.fplib
                0x000007f4       0x58 c:/program files (x86)/atmel/studio/7.0/toolchain/avr8/avr8-gnu-toolchain/bin/../lib/gcc/avr/5.4.0/../../../../avr/lib/avr51\libm.a(fixunssfsi.o)
                0x000007f4                __fixunssfsi
 .text.avr-libc.fplib
                0x0000084c       0x7a c:/program files (x86)/atmel/studio/7.0/toolchain/avr8/avr8-gnu-toolchain/bin/../lib/gcc/avr/5.4.0/../../../../avr/lib/avr51\libm.a(floatsisf.o)
                0x0000084c                __floatunsisf
                0x00000850                __floatsisf
 .text.avr-libc.fplib
                0x000008c6        0xc c:/program files (x86)/atmel/studio/7.0/toolchain/avr8/avr8-gnu-toolchain/bin/../lib/gcc/avr/5.4.0/../../../../avr/lib/avr51\libm.a(fp_inf.o)
                0x000008c6                __fp_inf
 .text.avr-libc.fplib
                0x000008d2        0x6 c:/program files (x86)/atmel/studio/7.0/toolchain/avr8/avr8-gnu-toolchain/bin/../lib/gcc/avr/5.4.0/../../../../avr/lib/avr51\libm.a(fp_nan.o)
                0x000008d2                __fp_nan
 .text.avr-libc.fplib
                0x000008d8        0xe c:/program files (x86)/atmel/studio/7.0/toolchain/avr8/avr8-gnu-toolchain/bin/../lib/gcc/avr/5.4.0/../../../../avr/lib/avr51\libm.a(fp_pscA.o)
                0x000008d8                __fp_pscA
 .text.avr-libc.fplib
                0x000008e6        0xe c:/program files (x86)/atmel/studio/7.0/toolchain/avr8/avr8-gnu-toolchain/bin/../lib/gcc/avr/5.4.0/../../../../avr/lib/avr51\libm.a(fp_pscB.o)
                0x000008e6                __fp_pscB
 .text.avr-libc.fplib
                0x000008f4       0x22 c:/program files (x86)/atmel/studio/7.0/toolchain/avr8/avr8-gnu-toolchain/bin/../lib/gcc/avr/5.4.0/../../../../avr/lib/avr51\libm.a(fp_round.o)
                0x000008f4                __fp_round
 .text.avr-libc.fplib
                0x00000916       0x44 c:/program files (x86)/atmel/studio/7.0/toolchain/avr8/avr8-gnu-toolchain/bin/../lib/gcc/avr/5.4.0/../../../../avr/lib/avr51\libm.a(fp_split3.o)
                0x00000916                __fp_split3
                0x00000926                __fp_splitA
 .text.avr-libc.fplib
                0x0000095a        0xe c:/program files (x86)/atmel/studio/7.0/toolchain/avr8/avr8-gnu-toolchain/bin/../lib/gcc/avr/5.4.0/../../../../avr/lib/avr51\libm.a(fp_zero.o)
                0x0000095a                __fp_zero
                0x0000095c                __fp_szero
 .text.avr-libc.fplib
                0x00000968        0x4 c:/program files (x86)/atmel/studio/7.0/toolchain/avr8/avr8-gnu-toolchain/bin/../lib/gcc/avr/5.4.0/../../../../avr/lib/avr51\libm.a(mulsf3.o)
                0x00000968                __mulsf3
 .text.avr-libc.fplib
                0x0000096c       0xc2 c:/program files (x86)/atmel/studio/7.0/toolchain/avr8/avr8-gnu-toolchain/bin/../lib/gcc/avr/5.4.0/../../../../avr/lib/avr51\libm.a(mulsf3x.o)
                0x00000980                __mulsf3x
                0x00000984                __mulsf3_pse
                0x00000a2e                . = ALIGN (0x2)
 *(.fini9)
 .fini9         0x00000a2e        0x0 c:/program files (x86)/atmel/studio/7.0/toolchain/avr8/avr8-gnu-toolchain/bin/../lib/gcc/avr/5.4.0/avr51\libgcc.a(_exit.o)
                0x00000a2e                _exit
                0x00000a2e                exit
 *(.fini9)
 *(.fini8)
 *(.fini8)
 *(.fini7)
 *(.fini7)
 *(.fini6)
 *(.fini6)
 *(.fini5)
 *(.fini5)
 *(.fini4)
 *(.fini4)
 *(.fini3)
 *(.fini3)
 *(.fini2)
 *(.fini2)
 *(.fini1)
 *(.fini1)
 *(.fini0)
 .fini0         0x00000a2e        0x4 c:/program files (x86)/atmel/studio/7.0/toolchain/avr8/avr8-gnu-toolchain/bin/../lib/gcc/avr/5.4.0/avr51\libgcc.a(_exit.o)
 *(.fini0)
                0x00000a32                _etext = .

.data           0x00800100        0x2 load address 0x00000a32
                0x00800100                PROVIDE (__data_start, .)
 *(.data)
 *(.data*)
 .data.switchi  0x00800100        0x1 main.o
                0x00800100                switchi
 *(.gnu.linkonce.d*)
 *(.rodata)
 *(.rodata*)
 *(.gnu.linkonce.r*)
                0x00800102                . = ALIGN (0x2)
 *fill*         0x00800101        0x1 
                0x00800102                _edata = .
                0x00800102                PROVIDE (__data_end, .)

.bss            0x00800102       0x4e
                0x00800102                PROVIDE (__bss_start, .)
 *(.bss)
 *(.bss*)
 .bss.adc_next  0x00800102        0x1 adc_functions.o
                0x00800102                adc_next
 .bss.time_200ms
                0x00800103        0x4 main.o
                0x00800103                time_200ms
 .bss.time_100ms
                0x00800107        0x4 main.o
                0x00800107                time_100ms
 .bss.time_10ms
                0x0080010b        0x4 main.o
                0x0080010b                time_10ms
 .bss.time_1ms  0x0080010f        0x4 main.o
                0x0080010f                time_1ms
 .bss.sys_time  0x00800113        0x4 misc_functions.o
                0x00800113                sys_time
 *(COMMON)
 COMMON         0x00800117        0xe adc_functions.o
                0x00800117                adc_values
 COMMON         0x00800125       0x27 CAN_data.o
                0x00800125                SensorHubB2_databytes
                0x0080012d                SensorHubB0_databytes
                0x00800135                can_SensorHubB2_mob
                0x0080013a                can_SensorHubB1_mob
                0x0080013f                can_SensorHubB0_mob
                0x00800144                SensorHubB1_databytes
 COMMON         0x0080014c        0x4 main.o
                0x0080014c                wheelspeed
                0x00800150                PROVIDE (__bss_end, .)
                0x00000a32                __data_load_start = LOADADDR (.data)
                0x00000a34                __data_load_end = (__data_load_start + SIZEOF (.data))

.noinit         0x00800150        0x0
                [!provide]                PROVIDE (__noinit_start, .)
 *(.noinit*)
                [!provide]                PROVIDE (__noinit_end, .)
                0x00800150                _end = .
                [!provide]                PROVIDE (__heap_start, .)

.eeprom         0x00810000        0x0
 *(.eeprom*)
                0x00810000                __eeprom_end = .

.fuse
 *(.fuse)
 *(.lfuse)
 *(.hfuse)
 *(.efuse)

.lock
 *(.lock*)

.signature
 *(.signature*)

.user_signatures
 *(.user_signatures*)

.stab
 *(.stab)

.stabstr
 *(.stabstr)

.stab.excl
 *(.stab.excl)

.stab.exclstr
 *(.stab.exclstr)

.stab.index
 *(.stab.index)

.stab.indexstr
 *(.stab.indexstr)

.comment        0x00000000       0x30
 *(.comment)
 .comment       0x00000000       0x30 adc_functions.o
                                 0x31 (size before relaxing)
 .comment       0x00000030       0x31 CAN_data.o
 .comment       0x00000030       0x31 CAN_lib.o
 .comment       0x00000030       0x31 main.o
 .comment       0x00000030       0x31 misc_functions.o
 .comment       0x00000030       0x31 sensor_function.o
 .comment       0x00000030       0x31 SPI_lib.o

.note.gnu.avr.deviceinfo
                0x00000000       0x40
 .note.gnu.avr.deviceinfo
                0x00000000       0x40 C:/Program Files (x86)/Atmel/Studio/7.0/Packs/atmel/ATmega_DFP/1.7.374/gcc/dev/at90can128/avr51/crtat90can128.o

.note.gnu.build-id
 *(.note.gnu.build-id)

.debug
 *(.debug)

.line
 *(.line)

.debug_srcinfo
 *(.debug_srcinfo)

.debug_sfnames
 *(.debug_sfnames)

.debug_aranges  0x00000000      0x150
 *(.debug_aranges)
 .debug_aranges
                0x00000000       0x38 adc_functions.o
 .debug_aranges
                0x00000038       0x20 CAN_data.o
 .debug_aranges
                0x00000058       0x38 CAN_lib.o
 .debug_aranges
                0x00000090       0x20 main.o
 .debug_aranges
                0x000000b0       0x48 misc_functions.o
 .debug_aranges
                0x000000f8       0x28 sensor_function.o
 .debug_aranges
                0x00000120       0x30 SPI_lib.o

.debug_pubnames
 *(.debug_pubnames)

.debug_info     0x00000000     0x15ad
 *(.debug_info .gnu.linkonce.wi.*)
 .debug_info    0x00000000      0xa2d C:/Program Files (x86)/Atmel/Studio/7.0/Packs/atmel/ATmega_DFP/1.7.374/gcc/dev/at90can128/avr51/crtat90can128.o
 .debug_info    0x00000a2d      0x125 adc_functions.o
 .debug_info    0x00000b52      0x14b CAN_data.o
 .debug_info    0x00000c9d      0x1fa CAN_lib.o
 .debug_info    0x00000e97      0x45b main.o
 .debug_info    0x000012f2      0x109 misc_functions.o
 .debug_info    0x000013fb       0xf5 sensor_function.o
 .debug_info    0x000014f0       0xbd SPI_lib.o

.debug_abbrev   0x00000000      0xed1
 *(.debug_abbrev)
 .debug_abbrev  0x00000000      0x9a0 C:/Program Files (x86)/Atmel/Studio/7.0/Packs/atmel/ATmega_DFP/1.7.374/gcc/dev/at90can128/avr51/crtat90can128.o
 .debug_abbrev  0x000009a0       0xb8 adc_functions.o
 .debug_abbrev  0x00000a58       0x93 CAN_data.o
 .debug_abbrev  0x00000aeb      0x125 CAN_lib.o
 .debug_abbrev  0x00000c10      0x113 main.o
 .debug_abbrev  0x00000d23       0x9a misc_functions.o
 .debug_abbrev  0x00000dbd       0x90 sensor_function.o
 .debug_abbrev  0x00000e4d       0x84 SPI_lib.o

.debug_line     0x00000000     0x17a1
 *(.debug_line .debug_line.* .debug_line_end)
 .debug_line    0x00000000      0x176 C:/Program Files (x86)/Atmel/Studio/7.0/Packs/atmel/ATmega_DFP/1.7.374/gcc/dev/at90can128/avr51/crtat90can128.o
 .debug_line    0x00000176      0x2d4 adc_functions.o
 .debug_line    0x0000044a      0x268 CAN_data.o
 .debug_line    0x000006b2      0x46a CAN_lib.o
 .debug_line    0x00000b1c      0x477 main.o
 .debug_line    0x00000f93      0x2de misc_functions.o
 .debug_line    0x00001271      0x286 sensor_function.o
 .debug_line    0x000014f7      0x2aa SPI_lib.o

.debug_frame    0x00000000      0x2a8
 *(.debug_frame)
 .debug_frame   0x00000000       0x78 adc_functions.o
 .debug_frame   0x00000078       0x24 CAN_data.o
 .debug_frame   0x0000009c       0xcc CAN_lib.o
 .debug_frame   0x00000168       0x34 main.o
 .debug_frame   0x0000019c       0x94 misc_functions.o
 .debug_frame   0x00000230       0x34 sensor_function.o
 .debug_frame   0x00000264       0x44 SPI_lib.o

.debug_str      0x00000000     0x8dff
 *(.debug_str)
 .debug_str     0x00000000      0x39f C:/Program Files (x86)/Atmel/Studio/7.0/Packs/atmel/ATmega_DFP/1.7.374/gcc/dev/at90can128/avr51/crtat90can128.o
 .debug_str     0x0000039f     0x80dc adc_functions.o
                               0x81a9 (size before relaxing)
 .debug_str     0x0000847b       0xde CAN_data.o
                               0x7ea3 (size before relaxing)
 .debug_str     0x00008559       0x63 CAN_lib.o
                               0x7e50 (size before relaxing)
 .debug_str     0x000085bc      0x3f4 main.o
                               0x8645 (size before relaxing)
 .debug_str     0x000089b0       0x44 misc_functions.o
                               0x81a8 (size before relaxing)
 .debug_str     0x000089f4      0x3dd sensor_function.o
                               0x8599 (size before relaxing)
 .debug_str     0x00008dd1       0x2e SPI_lib.o
                               0x82c6 (size before relaxing)

.debug_loc      0x00000000      0x622
 *(.debug_loc)
 .debug_loc     0x00000000       0x91 adc_functions.o
 .debug_loc     0x00000091      0x33e CAN_lib.o
 .debug_loc     0x000003cf       0xe8 main.o
 .debug_loc     0x000004b7       0x63 misc_functions.o
 .debug_loc     0x0000051a      0x108 sensor_function.o

.debug_macinfo
 *(.debug_macinfo)

.debug_weaknames
 *(.debug_weaknames)

.debug_funcnames
 *(.debug_funcnames)

.debug_typenames
 *(.debug_typenames)

.debug_varnames
 *(.debug_varnames)

.debug_pubtypes
 *(.debug_pubtypes)

.debug_ranges   0x00000000      0x110
 *(.debug_ranges)
 .debug_ranges  0x00000000       0x28 adc_functions.o
 .debug_ranges  0x00000028       0x10 CAN_data.o
 .debug_ranges  0x00000038       0x58 CAN_lib.o
 .debug_ranges  0x00000090       0x10 main.o
 .debug_ranges  0x000000a0       0x38 misc_functions.o
 .debug_ranges  0x000000d8       0x18 sensor_function.o
 .debug_ranges  0x000000f0       0x20 SPI_lib.o

.debug_macro    0x00000000     0x3b39
 *(.debug_macro)
 .debug_macro   0x00000000       0xa0 adc_functions.o
 .debug_macro   0x000000a0      0xa66 adc_functions.o
 .debug_macro   0x00000b06       0x10 adc_functions.o
 .debug_macro   0x00000b16      0x1c9 adc_functions.o
 .debug_macro   0x00000cdf      0x2fc adc_functions.o
 .debug_macro   0x00000fdb       0x9e adc_functions.o
 .debug_macro   0x00001079     0x206e adc_functions.o
 .debug_macro   0x000030e7      0x203 adc_functions.o
 .debug_macro   0x000032ea       0xcb adc_functions.o
 .debug_macro   0x000033b5       0x34 adc_functions.o
 .debug_macro   0x000033e9       0x18 adc_functions.o
 .debug_macro   0x00003401       0x6c adc_functions.o
 .debug_macro   0x0000346d       0x69 adc_functions.o
 .debug_macro   0x000034d6       0x9b CAN_data.o
 .debug_macro   0x00003571       0x91 CAN_lib.o
 .debug_macro   0x00003602       0xe0 main.o
 .debug_macro   0x000036e2       0x10 main.o
 .debug_macro   0x000036f2       0x34 main.o
 .debug_macro   0x00003726       0x82 main.o
 .debug_macro   0x000037a8       0x22 main.o
 .debug_macro   0x000037ca       0x9a misc_functions.o
 .debug_macro   0x00003864       0xa8 sensor_function.o
 .debug_macro   0x0000390c       0x2e sensor_function.o
 .debug_macro   0x0000393a      0x166 sensor_function.o
 .debug_macro   0x00003aa0       0x99 SPI_lib.o
OUTPUT(TY25_SHB.elf elf32-avr)
LOAD linker stubs
