Archive member included to satisfy reference by file (symbol)

c:/users/marek/documents/stralsund/studium - bachelor motorsport engineering/studien_programme/7.0/toolchain/avr8/avr8-gnu-toolchain/bin/../lib/gcc/avr/5.4.0/../../../../avr/lib/avr51\libm.a(divsf3.o)
                              sensor_function.o (__divsf3)
c:/users/marek/documents/stralsund/studium - bachelor motorsport engineering/studien_programme/7.0/toolchain/avr8/avr8-gnu-toolchain/bin/../lib/gcc/avr/5.4.0/../../../../avr/lib/avr51\libm.a(divsf3x.o)
                              c:/users/marek/documents/stralsund/studium - bachelor motorsport engineering/studien_programme/7.0/toolchain/avr8/avr8-gnu-toolchain/bin/../lib/gcc/avr/5.4.0/../../../../avr/lib/avr51\libm.a(divsf3.o) (__divsf3x)
c:/users/marek/documents/stralsund/studium - bachelor motorsport engineering/studien_programme/7.0/toolchain/avr8/avr8-gnu-toolchain/bin/../lib/gcc/avr/5.4.0/../../../../avr/lib/avr51\libm.a(fixunssfsi.o)
                              sensor_function.o (__fixunssfsi)
c:/users/marek/documents/stralsund/studium - bachelor motorsport engineering/studien_programme/7.0/toolchain/avr8/avr8-gnu-toolchain/bin/../lib/gcc/avr/5.4.0/../../../../avr/lib/avr51\libm.a(floatsisf.o)
                              sensor_function.o (__floatunsisf)
c:/users/marek/documents/stralsund/studium - bachelor motorsport engineering/studien_programme/7.0/toolchain/avr8/avr8-gnu-toolchain/bin/../lib/gcc/avr/5.4.0/../../../../avr/lib/avr51\libm.a(fp_inf.o)
                              c:/users/marek/documents/stralsund/studium - bachelor motorsport engineering/studien_programme/7.0/toolchain/avr8/avr8-gnu-toolchain/bin/../lib/gcc/avr/5.4.0/../../../../avr/lib/avr51\libm.a(divsf3x.o) (__fp_inf)
c:/users/marek/documents/stralsund/studium - bachelor motorsport engineering/studien_programme/7.0/toolchain/avr8/avr8-gnu-toolchain/bin/../lib/gcc/avr/5.4.0/../../../../avr/lib/avr51\libm.a(fp_nan.o)
                              c:/users/marek/documents/stralsund/studium - bachelor motorsport engineering/studien_programme/7.0/toolchain/avr8/avr8-gnu-toolchain/bin/../lib/gcc/avr/5.4.0/../../../../avr/lib/avr51\libm.a(divsf3x.o) (__fp_nan)
c:/users/marek/documents/stralsund/studium - bachelor motorsport engineering/studien_programme/7.0/toolchain/avr8/avr8-gnu-toolchain/bin/../lib/gcc/avr/5.4.0/../../../../avr/lib/avr51\libm.a(fp_pscA.o)
                              c:/users/marek/documents/stralsund/studium - bachelor motorsport engineering/studien_programme/7.0/toolchain/avr8/avr8-gnu-toolchain/bin/../lib/gcc/avr/5.4.0/../../../../avr/lib/avr51\libm.a(divsf3x.o) (__fp_pscA)
c:/users/marek/documents/stralsund/studium - bachelor motorsport engineering/studien_programme/7.0/toolchain/avr8/avr8-gnu-toolchain/bin/../lib/gcc/avr/5.4.0/../../../../avr/lib/avr51\libm.a(fp_pscB.o)
                              c:/users/marek/documents/stralsund/studium - bachelor motorsport engineering/studien_programme/7.0/toolchain/avr8/avr8-gnu-toolchain/bin/../lib/gcc/avr/5.4.0/../../../../avr/lib/avr51\libm.a(divsf3x.o) (__fp_pscB)
c:/users/marek/documents/stralsund/studium - bachelor motorsport engineering/studien_programme/7.0/toolchain/avr8/avr8-gnu-toolchain/bin/../lib/gcc/avr/5.4.0/../../../../avr/lib/avr51\libm.a(fp_round.o)
                              c:/users/marek/documents/stralsund/studium - bachelor motorsport engineering/studien_programme/7.0/toolchain/avr8/avr8-gnu-toolchain/bin/../lib/gcc/avr/5.4.0/../../../../avr/lib/avr51\libm.a(divsf3.o) (__fp_round)
c:/users/marek/documents/stralsund/studium - bachelor motorsport engineering/studien_programme/7.0/toolchain/avr8/avr8-gnu-toolchain/bin/../lib/gcc/avr/5.4.0/../../../../avr/lib/avr51\libm.a(fp_split3.o)
                              c:/users/marek/documents/stralsund/studium - bachelor motorsport engineering/studien_programme/7.0/toolchain/avr8/avr8-gnu-toolchain/bin/../lib/gcc/avr/5.4.0/../../../../avr/lib/avr51\libm.a(divsf3x.o) (__fp_split3)
c:/users/marek/documents/stralsund/studium - bachelor motorsport engineering/studien_programme/7.0/toolchain/avr8/avr8-gnu-toolchain/bin/../lib/gcc/avr/5.4.0/../../../../avr/lib/avr51\libm.a(fp_zero.o)
                              c:/users/marek/documents/stralsund/studium - bachelor motorsport engineering/studien_programme/7.0/toolchain/avr8/avr8-gnu-toolchain/bin/../lib/gcc/avr/5.4.0/../../../../avr/lib/avr51\libm.a(fixunssfsi.o) (__fp_zero)
c:/users/marek/documents/stralsund/studium - bachelor motorsport engineering/studien_programme/7.0/toolchain/avr8/avr8-gnu-toolchain/bin/../lib/gcc/avr/5.4.0/../../../../avr/lib/avr51\libm.a(mulsf3.o)
                              sensor_function.o (__mulsf3)
c:/users/marek/documents/stralsund/studium - bachelor motorsport engineering/studien_programme/7.0/toolchain/avr8/avr8-gnu-toolchain/bin/../lib/gcc/avr/5.4.0/../../../../avr/lib/avr51\libm.a(mulsf3x.o)
                              c:/users/marek/documents/stralsund/studium - bachelor motorsport engineering/studien_programme/7.0/toolchain/avr8/avr8-gnu-toolchain/bin/../lib/gcc/avr/5.4.0/../../../../avr/lib/avr51\libm.a(mulsf3.o) (__mulsf3x)
c:/users/marek/documents/stralsund/studium - bachelor motorsport engineering/studien_programme/7.0/toolchain/avr8/avr8-gnu-toolchain/bin/../lib/gcc/avr/5.4.0/../../../../avr/lib/avr51\libm.a(pow.o)
                              sensor_function.o (pow)
c:/users/marek/documents/stralsund/studium - bachelor motorsport engineering/studien_programme/7.0/toolchain/avr8/avr8-gnu-toolchain/bin/../lib/gcc/avr/5.4.0/../../../../avr/lib/avr51\libm.a(exp.o)
                              c:/users/marek/documents/stralsund/studium - bachelor motorsport engineering/studien_programme/7.0/toolchain/avr8/avr8-gnu-toolchain/bin/../lib/gcc/avr/5.4.0/../../../../avr/lib/avr51\libm.a(pow.o) (exp)
c:/users/marek/documents/stralsund/studium - bachelor motorsport engineering/studien_programme/7.0/toolchain/avr8/avr8-gnu-toolchain/bin/../lib/gcc/avr/5.4.0/../../../../avr/lib/avr51\libm.a(fp_powser.o)
                              c:/users/marek/documents/stralsund/studium - bachelor motorsport engineering/studien_programme/7.0/toolchain/avr8/avr8-gnu-toolchain/bin/../lib/gcc/avr/5.4.0/../../../../avr/lib/avr51\libm.a(exp.o) (__fp_powser)
c:/users/marek/documents/stralsund/studium - bachelor motorsport engineering/studien_programme/7.0/toolchain/avr8/avr8-gnu-toolchain/bin/../lib/gcc/avr/5.4.0/../../../../avr/lib/avr51\libm.a(inverse.o)
                              c:/users/marek/documents/stralsund/studium - bachelor motorsport engineering/studien_programme/7.0/toolchain/avr8/avr8-gnu-toolchain/bin/../lib/gcc/avr/5.4.0/../../../../avr/lib/avr51\libm.a(exp.o) (inverse)
c:/users/marek/documents/stralsund/studium - bachelor motorsport engineering/studien_programme/7.0/toolchain/avr8/avr8-gnu-toolchain/bin/../lib/gcc/avr/5.4.0/../../../../avr/lib/avr51\libm.a(ldexp.o)
                              c:/users/marek/documents/stralsund/studium - bachelor motorsport engineering/studien_programme/7.0/toolchain/avr8/avr8-gnu-toolchain/bin/../lib/gcc/avr/5.4.0/../../../../avr/lib/avr51\libm.a(exp.o) (ldexp)
c:/users/marek/documents/stralsund/studium - bachelor motorsport engineering/studien_programme/7.0/toolchain/avr8/avr8-gnu-toolchain/bin/../lib/gcc/avr/5.4.0/../../../../avr/lib/avr51\libm.a(log.o)
                              c:/users/marek/documents/stralsund/studium - bachelor motorsport engineering/studien_programme/7.0/toolchain/avr8/avr8-gnu-toolchain/bin/../lib/gcc/avr/5.4.0/../../../../avr/lib/avr51\libm.a(pow.o) (log)
c:/users/marek/documents/stralsund/studium - bachelor motorsport engineering/studien_programme/7.0/toolchain/avr8/avr8-gnu-toolchain/bin/../lib/gcc/avr/5.4.0/../../../../avr/lib/avr51\libm.a(modf.o)
                              c:/users/marek/documents/stralsund/studium - bachelor motorsport engineering/studien_programme/7.0/toolchain/avr8/avr8-gnu-toolchain/bin/../lib/gcc/avr/5.4.0/../../../../avr/lib/avr51\libm.a(exp.o) (modf)
c:/users/marek/documents/stralsund/studium - bachelor motorsport engineering/studien_programme/7.0/toolchain/avr8/avr8-gnu-toolchain/bin/../lib/gcc/avr/5.4.0/../../../../avr/lib/avr51\libm.a(addsf3.o)
                              c:/users/marek/documents/stralsund/studium - bachelor motorsport engineering/studien_programme/7.0/toolchain/avr8/avr8-gnu-toolchain/bin/../lib/gcc/avr/5.4.0/../../../../avr/lib/avr51\libm.a(modf.o) (__subsf3)
c:/users/marek/documents/stralsund/studium - bachelor motorsport engineering/studien_programme/7.0/toolchain/avr8/avr8-gnu-toolchain/bin/../lib/gcc/avr/5.4.0/../../../../avr/lib/avr51\libm.a(addsf3x.o)
                              c:/users/marek/documents/stralsund/studium - bachelor motorsport engineering/studien_programme/7.0/toolchain/avr8/avr8-gnu-toolchain/bin/../lib/gcc/avr/5.4.0/../../../../avr/lib/avr51\libm.a(fp_powser.o) (__addsf3x)
c:/users/marek/documents/stralsund/studium - bachelor motorsport engineering/studien_programme/7.0/toolchain/avr8/avr8-gnu-toolchain/bin/../lib/gcc/avr/5.4.0/../../../../avr/lib/avr51\libm.a(fp_mpack.o)
                              c:/users/marek/documents/stralsund/studium - bachelor motorsport engineering/studien_programme/7.0/toolchain/avr8/avr8-gnu-toolchain/bin/../lib/gcc/avr/5.4.0/../../../../avr/lib/avr51\libm.a(ldexp.o) (__fp_mpack)
c:/users/marek/documents/stralsund/studium - bachelor motorsport engineering/studien_programme/7.0/toolchain/avr8/avr8-gnu-toolchain/bin/../lib/gcc/avr/5.4.0/avr51\libgcc.a(_exit.o)
                              C:/Users/Marek/Documents/Stralsund/Studium - Bachelor Motorsport Engineering/Studien_Programme/7.0/Packs/atmel/ATmega_DFP/1.6.364/gcc/dev/at90can128/avr51/crtat90can128.o (exit)
c:/users/marek/documents/stralsund/studium - bachelor motorsport engineering/studien_programme/7.0/toolchain/avr8/avr8-gnu-toolchain/bin/../lib/gcc/avr/5.4.0/avr51\libgcc.a(_copy_data.o)
                              adc_functions.o (__do_copy_data)
c:/users/marek/documents/stralsund/studium - bachelor motorsport engineering/studien_programme/7.0/toolchain/avr8/avr8-gnu-toolchain/bin/../lib/gcc/avr/5.4.0/avr51\libgcc.a(_clear_bss.o)
                              adc_functions.o (__do_clear_bss)

Allocating common symbols
Common symbol       size              file

data                0x2               main.o
adc_values          0x6               adc_functions.o

Discarded input sections

 .data          0x00000000        0x0 C:/Users/Marek/Documents/Stralsund/Studium - Bachelor Motorsport Engineering/Studien_Programme/7.0/Packs/atmel/ATmega_DFP/1.6.364/gcc/dev/at90can128/avr51/crtat90can128.o
 .bss           0x00000000        0x0 C:/Users/Marek/Documents/Stralsund/Studium - Bachelor Motorsport Engineering/Studien_Programme/7.0/Packs/atmel/ATmega_DFP/1.6.364/gcc/dev/at90can128/avr51/crtat90can128.o
 .text          0x00000000        0x0 adc_functions.o
 .data          0x00000000        0x0 adc_functions.o
 .bss           0x00000000        0x0 adc_functions.o
 .data.precision
                0x00000000        0x2 adc_functions.o
 .data.ADC_Volt
                0x00000000        0x1 adc_functions.o
 .data.ADC_bit  0x00000000        0x2 adc_functions.o
 .data.sensor_max
                0x00000000        0x1 adc_functions.o
 .data.end_Volt
                0x00000000        0x4 adc_functions.o
 .data.start_Volt
                0x00000000        0x4 adc_functions.o
 .text          0x00000000        0x0 canlib.o
 .data          0x00000000        0x0 canlib.o
 .bss           0x00000000        0x0 canlib.o
 .text.can_rx   0x00000000       0xae canlib.o
 .text          0x00000000        0x0 main.o
 .data          0x00000000        0x0 main.o
 .bss           0x00000000        0x0 main.o
 .bss.time_200_ms
                0x00000000        0x1 main.o
 .text          0x00000000        0x0 sensor_function.o
 .data          0x00000000        0x0 sensor_function.o
 .bss           0x00000000        0x0 sensor_function.o
 .text          0x00000000        0x0 system_config.o
 .data          0x00000000        0x0 system_config.o
 .bss           0x00000000        0x0 system_config.o
 .text          0x00000000        0x0 c:/users/marek/documents/stralsund/studium - bachelor motorsport engineering/studien_programme/7.0/toolchain/avr8/avr8-gnu-toolchain/bin/../lib/gcc/avr/5.4.0/../../../../avr/lib/avr51\libm.a(divsf3.o)
 .data          0x00000000        0x0 c:/users/marek/documents/stralsund/studium - bachelor motorsport engineering/studien_programme/7.0/toolchain/avr8/avr8-gnu-toolchain/bin/../lib/gcc/avr/5.4.0/../../../../avr/lib/avr51\libm.a(divsf3.o)
 .bss           0x00000000        0x0 c:/users/marek/documents/stralsund/studium - bachelor motorsport engineering/studien_programme/7.0/toolchain/avr8/avr8-gnu-toolchain/bin/../lib/gcc/avr/5.4.0/../../../../avr/lib/avr51\libm.a(divsf3.o)
 .text          0x00000000        0x0 c:/users/marek/documents/stralsund/studium - bachelor motorsport engineering/studien_programme/7.0/toolchain/avr8/avr8-gnu-toolchain/bin/../lib/gcc/avr/5.4.0/../../../../avr/lib/avr51\libm.a(divsf3x.o)
 .data          0x00000000        0x0 c:/users/marek/documents/stralsund/studium - bachelor motorsport engineering/studien_programme/7.0/toolchain/avr8/avr8-gnu-toolchain/bin/../lib/gcc/avr/5.4.0/../../../../avr/lib/avr51\libm.a(divsf3x.o)
 .bss           0x00000000        0x0 c:/users/marek/documents/stralsund/studium - bachelor motorsport engineering/studien_programme/7.0/toolchain/avr8/avr8-gnu-toolchain/bin/../lib/gcc/avr/5.4.0/../../../../avr/lib/avr51\libm.a(divsf3x.o)
 .text          0x00000000        0x0 c:/users/marek/documents/stralsund/studium - bachelor motorsport engineering/studien_programme/7.0/toolchain/avr8/avr8-gnu-toolchain/bin/../lib/gcc/avr/5.4.0/../../../../avr/lib/avr51\libm.a(fixunssfsi.o)
 .data          0x00000000        0x0 c:/users/marek/documents/stralsund/studium - bachelor motorsport engineering/studien_programme/7.0/toolchain/avr8/avr8-gnu-toolchain/bin/../lib/gcc/avr/5.4.0/../../../../avr/lib/avr51\libm.a(fixunssfsi.o)
 .bss           0x00000000        0x0 c:/users/marek/documents/stralsund/studium - bachelor motorsport engineering/studien_programme/7.0/toolchain/avr8/avr8-gnu-toolchain/bin/../lib/gcc/avr/5.4.0/../../../../avr/lib/avr51\libm.a(fixunssfsi.o)
 .text          0x00000000        0x0 c:/users/marek/documents/stralsund/studium - bachelor motorsport engineering/studien_programme/7.0/toolchain/avr8/avr8-gnu-toolchain/bin/../lib/gcc/avr/5.4.0/../../../../avr/lib/avr51\libm.a(floatsisf.o)
 .data          0x00000000        0x0 c:/users/marek/documents/stralsund/studium - bachelor motorsport engineering/studien_programme/7.0/toolchain/avr8/avr8-gnu-toolchain/bin/../lib/gcc/avr/5.4.0/../../../../avr/lib/avr51\libm.a(floatsisf.o)
 .bss           0x00000000        0x0 c:/users/marek/documents/stralsund/studium - bachelor motorsport engineering/studien_programme/7.0/toolchain/avr8/avr8-gnu-toolchain/bin/../lib/gcc/avr/5.4.0/../../../../avr/lib/avr51\libm.a(floatsisf.o)
 .text          0x00000000        0x0 c:/users/marek/documents/stralsund/studium - bachelor motorsport engineering/studien_programme/7.0/toolchain/avr8/avr8-gnu-toolchain/bin/../lib/gcc/avr/5.4.0/../../../../avr/lib/avr51\libm.a(fp_inf.o)
 .data          0x00000000        0x0 c:/users/marek/documents/stralsund/studium - bachelor motorsport engineering/studien_programme/7.0/toolchain/avr8/avr8-gnu-toolchain/bin/../lib/gcc/avr/5.4.0/../../../../avr/lib/avr51\libm.a(fp_inf.o)
 .bss           0x00000000        0x0 c:/users/marek/documents/stralsund/studium - bachelor motorsport engineering/studien_programme/7.0/toolchain/avr8/avr8-gnu-toolchain/bin/../lib/gcc/avr/5.4.0/../../../../avr/lib/avr51\libm.a(fp_inf.o)
 .text          0x00000000        0x0 c:/users/marek/documents/stralsund/studium - bachelor motorsport engineering/studien_programme/7.0/toolchain/avr8/avr8-gnu-toolchain/bin/../lib/gcc/avr/5.4.0/../../../../avr/lib/avr51\libm.a(fp_nan.o)
 .data          0x00000000        0x0 c:/users/marek/documents/stralsund/studium - bachelor motorsport engineering/studien_programme/7.0/toolchain/avr8/avr8-gnu-toolchain/bin/../lib/gcc/avr/5.4.0/../../../../avr/lib/avr51\libm.a(fp_nan.o)
 .bss           0x00000000        0x0 c:/users/marek/documents/stralsund/studium - bachelor motorsport engineering/studien_programme/7.0/toolchain/avr8/avr8-gnu-toolchain/bin/../lib/gcc/avr/5.4.0/../../../../avr/lib/avr51\libm.a(fp_nan.o)
 .text          0x00000000        0x0 c:/users/marek/documents/stralsund/studium - bachelor motorsport engineering/studien_programme/7.0/toolchain/avr8/avr8-gnu-toolchain/bin/../lib/gcc/avr/5.4.0/../../../../avr/lib/avr51\libm.a(fp_pscA.o)
 .data          0x00000000        0x0 c:/users/marek/documents/stralsund/studium - bachelor motorsport engineering/studien_programme/7.0/toolchain/avr8/avr8-gnu-toolchain/bin/../lib/gcc/avr/5.4.0/../../../../avr/lib/avr51\libm.a(fp_pscA.o)
 .bss           0x00000000        0x0 c:/users/marek/documents/stralsund/studium - bachelor motorsport engineering/studien_programme/7.0/toolchain/avr8/avr8-gnu-toolchain/bin/../lib/gcc/avr/5.4.0/../../../../avr/lib/avr51\libm.a(fp_pscA.o)
 .text          0x00000000        0x0 c:/users/marek/documents/stralsund/studium - bachelor motorsport engineering/studien_programme/7.0/toolchain/avr8/avr8-gnu-toolchain/bin/../lib/gcc/avr/5.4.0/../../../../avr/lib/avr51\libm.a(fp_pscB.o)
 .data          0x00000000        0x0 c:/users/marek/documents/stralsund/studium - bachelor motorsport engineering/studien_programme/7.0/toolchain/avr8/avr8-gnu-toolchain/bin/../lib/gcc/avr/5.4.0/../../../../avr/lib/avr51\libm.a(fp_pscB.o)
 .bss           0x00000000        0x0 c:/users/marek/documents/stralsund/studium - bachelor motorsport engineering/studien_programme/7.0/toolchain/avr8/avr8-gnu-toolchain/bin/../lib/gcc/avr/5.4.0/../../../../avr/lib/avr51\libm.a(fp_pscB.o)
 .text          0x00000000        0x0 c:/users/marek/documents/stralsund/studium - bachelor motorsport engineering/studien_programme/7.0/toolchain/avr8/avr8-gnu-toolchain/bin/../lib/gcc/avr/5.4.0/../../../../avr/lib/avr51\libm.a(fp_round.o)
 .data          0x00000000        0x0 c:/users/marek/documents/stralsund/studium - bachelor motorsport engineering/studien_programme/7.0/toolchain/avr8/avr8-gnu-toolchain/bin/../lib/gcc/avr/5.4.0/../../../../avr/lib/avr51\libm.a(fp_round.o)
 .bss           0x00000000        0x0 c:/users/marek/documents/stralsund/studium - bachelor motorsport engineering/studien_programme/7.0/toolchain/avr8/avr8-gnu-toolchain/bin/../lib/gcc/avr/5.4.0/../../../../avr/lib/avr51\libm.a(fp_round.o)
 .text          0x00000000        0x0 c:/users/marek/documents/stralsund/studium - bachelor motorsport engineering/studien_programme/7.0/toolchain/avr8/avr8-gnu-toolchain/bin/../lib/gcc/avr/5.4.0/../../../../avr/lib/avr51\libm.a(fp_split3.o)
 .data          0x00000000        0x0 c:/users/marek/documents/stralsund/studium - bachelor motorsport engineering/studien_programme/7.0/toolchain/avr8/avr8-gnu-toolchain/bin/../lib/gcc/avr/5.4.0/../../../../avr/lib/avr51\libm.a(fp_split3.o)
 .bss           0x00000000        0x0 c:/users/marek/documents/stralsund/studium - bachelor motorsport engineering/studien_programme/7.0/toolchain/avr8/avr8-gnu-toolchain/bin/../lib/gcc/avr/5.4.0/../../../../avr/lib/avr51\libm.a(fp_split3.o)
 .text          0x00000000        0x0 c:/users/marek/documents/stralsund/studium - bachelor motorsport engineering/studien_programme/7.0/toolchain/avr8/avr8-gnu-toolchain/bin/../lib/gcc/avr/5.4.0/../../../../avr/lib/avr51\libm.a(fp_zero.o)
 .data          0x00000000        0x0 c:/users/marek/documents/stralsund/studium - bachelor motorsport engineering/studien_programme/7.0/toolchain/avr8/avr8-gnu-toolchain/bin/../lib/gcc/avr/5.4.0/../../../../avr/lib/avr51\libm.a(fp_zero.o)
 .bss           0x00000000        0x0 c:/users/marek/documents/stralsund/studium - bachelor motorsport engineering/studien_programme/7.0/toolchain/avr8/avr8-gnu-toolchain/bin/../lib/gcc/avr/5.4.0/../../../../avr/lib/avr51\libm.a(fp_zero.o)
 .text          0x00000000        0x0 c:/users/marek/documents/stralsund/studium - bachelor motorsport engineering/studien_programme/7.0/toolchain/avr8/avr8-gnu-toolchain/bin/../lib/gcc/avr/5.4.0/../../../../avr/lib/avr51\libm.a(mulsf3.o)
 .data          0x00000000        0x0 c:/users/marek/documents/stralsund/studium - bachelor motorsport engineering/studien_programme/7.0/toolchain/avr8/avr8-gnu-toolchain/bin/../lib/gcc/avr/5.4.0/../../../../avr/lib/avr51\libm.a(mulsf3.o)
 .bss           0x00000000        0x0 c:/users/marek/documents/stralsund/studium - bachelor motorsport engineering/studien_programme/7.0/toolchain/avr8/avr8-gnu-toolchain/bin/../lib/gcc/avr/5.4.0/../../../../avr/lib/avr51\libm.a(mulsf3.o)
 .text          0x00000000        0x0 c:/users/marek/documents/stralsund/studium - bachelor motorsport engineering/studien_programme/7.0/toolchain/avr8/avr8-gnu-toolchain/bin/../lib/gcc/avr/5.4.0/../../../../avr/lib/avr51\libm.a(mulsf3x.o)
 .data          0x00000000        0x0 c:/users/marek/documents/stralsund/studium - bachelor motorsport engineering/studien_programme/7.0/toolchain/avr8/avr8-gnu-toolchain/bin/../lib/gcc/avr/5.4.0/../../../../avr/lib/avr51\libm.a(mulsf3x.o)
 .bss           0x00000000        0x0 c:/users/marek/documents/stralsund/studium - bachelor motorsport engineering/studien_programme/7.0/toolchain/avr8/avr8-gnu-toolchain/bin/../lib/gcc/avr/5.4.0/../../../../avr/lib/avr51\libm.a(mulsf3x.o)
 .text          0x00000000        0x0 c:/users/marek/documents/stralsund/studium - bachelor motorsport engineering/studien_programme/7.0/toolchain/avr8/avr8-gnu-toolchain/bin/../lib/gcc/avr/5.4.0/../../../../avr/lib/avr51\libm.a(pow.o)
 .data          0x00000000        0x0 c:/users/marek/documents/stralsund/studium - bachelor motorsport engineering/studien_programme/7.0/toolchain/avr8/avr8-gnu-toolchain/bin/../lib/gcc/avr/5.4.0/../../../../avr/lib/avr51\libm.a(pow.o)
 .bss           0x00000000        0x0 c:/users/marek/documents/stralsund/studium - bachelor motorsport engineering/studien_programme/7.0/toolchain/avr8/avr8-gnu-toolchain/bin/../lib/gcc/avr/5.4.0/../../../../avr/lib/avr51\libm.a(pow.o)
 .text          0x00000000        0x0 c:/users/marek/documents/stralsund/studium - bachelor motorsport engineering/studien_programme/7.0/toolchain/avr8/avr8-gnu-toolchain/bin/../lib/gcc/avr/5.4.0/../../../../avr/lib/avr51\libm.a(exp.o)
 .data          0x00000000        0x0 c:/users/marek/documents/stralsund/studium - bachelor motorsport engineering/studien_programme/7.0/toolchain/avr8/avr8-gnu-toolchain/bin/../lib/gcc/avr/5.4.0/../../../../avr/lib/avr51\libm.a(exp.o)
 .bss           0x00000000        0x0 c:/users/marek/documents/stralsund/studium - bachelor motorsport engineering/studien_programme/7.0/toolchain/avr8/avr8-gnu-toolchain/bin/../lib/gcc/avr/5.4.0/../../../../avr/lib/avr51\libm.a(exp.o)
 .text          0x00000000        0x0 c:/users/marek/documents/stralsund/studium - bachelor motorsport engineering/studien_programme/7.0/toolchain/avr8/avr8-gnu-toolchain/bin/../lib/gcc/avr/5.4.0/../../../../avr/lib/avr51\libm.a(fp_powser.o)
 .data          0x00000000        0x0 c:/users/marek/documents/stralsund/studium - bachelor motorsport engineering/studien_programme/7.0/toolchain/avr8/avr8-gnu-toolchain/bin/../lib/gcc/avr/5.4.0/../../../../avr/lib/avr51\libm.a(fp_powser.o)
 .bss           0x00000000        0x0 c:/users/marek/documents/stralsund/studium - bachelor motorsport engineering/studien_programme/7.0/toolchain/avr8/avr8-gnu-toolchain/bin/../lib/gcc/avr/5.4.0/../../../../avr/lib/avr51\libm.a(fp_powser.o)
 .text          0x00000000        0x0 c:/users/marek/documents/stralsund/studium - bachelor motorsport engineering/studien_programme/7.0/toolchain/avr8/avr8-gnu-toolchain/bin/../lib/gcc/avr/5.4.0/../../../../avr/lib/avr51\libm.a(inverse.o)
 .data          0x00000000        0x0 c:/users/marek/documents/stralsund/studium - bachelor motorsport engineering/studien_programme/7.0/toolchain/avr8/avr8-gnu-toolchain/bin/../lib/gcc/avr/5.4.0/../../../../avr/lib/avr51\libm.a(inverse.o)
 .bss           0x00000000        0x0 c:/users/marek/documents/stralsund/studium - bachelor motorsport engineering/studien_programme/7.0/toolchain/avr8/avr8-gnu-toolchain/bin/../lib/gcc/avr/5.4.0/../../../../avr/lib/avr51\libm.a(inverse.o)
 .text          0x00000000        0x0 c:/users/marek/documents/stralsund/studium - bachelor motorsport engineering/studien_programme/7.0/toolchain/avr8/avr8-gnu-toolchain/bin/../lib/gcc/avr/5.4.0/../../../../avr/lib/avr51\libm.a(ldexp.o)
 .data          0x00000000        0x0 c:/users/marek/documents/stralsund/studium - bachelor motorsport engineering/studien_programme/7.0/toolchain/avr8/avr8-gnu-toolchain/bin/../lib/gcc/avr/5.4.0/../../../../avr/lib/avr51\libm.a(ldexp.o)
 .bss           0x00000000        0x0 c:/users/marek/documents/stralsund/studium - bachelor motorsport engineering/studien_programme/7.0/toolchain/avr8/avr8-gnu-toolchain/bin/../lib/gcc/avr/5.4.0/../../../../avr/lib/avr51\libm.a(ldexp.o)
 .text          0x00000000        0x0 c:/users/marek/documents/stralsund/studium - bachelor motorsport engineering/studien_programme/7.0/toolchain/avr8/avr8-gnu-toolchain/bin/../lib/gcc/avr/5.4.0/../../../../avr/lib/avr51\libm.a(log.o)
 .data          0x00000000        0x0 c:/users/marek/documents/stralsund/studium - bachelor motorsport engineering/studien_programme/7.0/toolchain/avr8/avr8-gnu-toolchain/bin/../lib/gcc/avr/5.4.0/../../../../avr/lib/avr51\libm.a(log.o)
 .bss           0x00000000        0x0 c:/users/marek/documents/stralsund/studium - bachelor motorsport engineering/studien_programme/7.0/toolchain/avr8/avr8-gnu-toolchain/bin/../lib/gcc/avr/5.4.0/../../../../avr/lib/avr51\libm.a(log.o)
 .text          0x00000000        0x0 c:/users/marek/documents/stralsund/studium - bachelor motorsport engineering/studien_programme/7.0/toolchain/avr8/avr8-gnu-toolchain/bin/../lib/gcc/avr/5.4.0/../../../../avr/lib/avr51\libm.a(modf.o)
 .data          0x00000000        0x0 c:/users/marek/documents/stralsund/studium - bachelor motorsport engineering/studien_programme/7.0/toolchain/avr8/avr8-gnu-toolchain/bin/../lib/gcc/avr/5.4.0/../../../../avr/lib/avr51\libm.a(modf.o)
 .bss           0x00000000        0x0 c:/users/marek/documents/stralsund/studium - bachelor motorsport engineering/studien_programme/7.0/toolchain/avr8/avr8-gnu-toolchain/bin/../lib/gcc/avr/5.4.0/../../../../avr/lib/avr51\libm.a(modf.o)
 .text          0x00000000        0x0 c:/users/marek/documents/stralsund/studium - bachelor motorsport engineering/studien_programme/7.0/toolchain/avr8/avr8-gnu-toolchain/bin/../lib/gcc/avr/5.4.0/../../../../avr/lib/avr51\libm.a(addsf3.o)
 .data          0x00000000        0x0 c:/users/marek/documents/stralsund/studium - bachelor motorsport engineering/studien_programme/7.0/toolchain/avr8/avr8-gnu-toolchain/bin/../lib/gcc/avr/5.4.0/../../../../avr/lib/avr51\libm.a(addsf3.o)
 .bss           0x00000000        0x0 c:/users/marek/documents/stralsund/studium - bachelor motorsport engineering/studien_programme/7.0/toolchain/avr8/avr8-gnu-toolchain/bin/../lib/gcc/avr/5.4.0/../../../../avr/lib/avr51\libm.a(addsf3.o)
 .text          0x00000000        0x0 c:/users/marek/documents/stralsund/studium - bachelor motorsport engineering/studien_programme/7.0/toolchain/avr8/avr8-gnu-toolchain/bin/../lib/gcc/avr/5.4.0/../../../../avr/lib/avr51\libm.a(addsf3x.o)
 .data          0x00000000        0x0 c:/users/marek/documents/stralsund/studium - bachelor motorsport engineering/studien_programme/7.0/toolchain/avr8/avr8-gnu-toolchain/bin/../lib/gcc/avr/5.4.0/../../../../avr/lib/avr51\libm.a(addsf3x.o)
 .bss           0x00000000        0x0 c:/users/marek/documents/stralsund/studium - bachelor motorsport engineering/studien_programme/7.0/toolchain/avr8/avr8-gnu-toolchain/bin/../lib/gcc/avr/5.4.0/../../../../avr/lib/avr51\libm.a(addsf3x.o)
 .text          0x00000000        0x0 c:/users/marek/documents/stralsund/studium - bachelor motorsport engineering/studien_programme/7.0/toolchain/avr8/avr8-gnu-toolchain/bin/../lib/gcc/avr/5.4.0/../../../../avr/lib/avr51\libm.a(fp_mpack.o)
 .data          0x00000000        0x0 c:/users/marek/documents/stralsund/studium - bachelor motorsport engineering/studien_programme/7.0/toolchain/avr8/avr8-gnu-toolchain/bin/../lib/gcc/avr/5.4.0/../../../../avr/lib/avr51\libm.a(fp_mpack.o)
 .bss           0x00000000        0x0 c:/users/marek/documents/stralsund/studium - bachelor motorsport engineering/studien_programme/7.0/toolchain/avr8/avr8-gnu-toolchain/bin/../lib/gcc/avr/5.4.0/../../../../avr/lib/avr51\libm.a(fp_mpack.o)
 .text          0x00000000        0x0 c:/users/marek/documents/stralsund/studium - bachelor motorsport engineering/studien_programme/7.0/toolchain/avr8/avr8-gnu-toolchain/bin/../lib/gcc/avr/5.4.0/avr51\libgcc.a(_exit.o)
 .data          0x00000000        0x0 c:/users/marek/documents/stralsund/studium - bachelor motorsport engineering/studien_programme/7.0/toolchain/avr8/avr8-gnu-toolchain/bin/../lib/gcc/avr/5.4.0/avr51\libgcc.a(_exit.o)
 .bss           0x00000000        0x0 c:/users/marek/documents/stralsund/studium - bachelor motorsport engineering/studien_programme/7.0/toolchain/avr8/avr8-gnu-toolchain/bin/../lib/gcc/avr/5.4.0/avr51\libgcc.a(_exit.o)
 .text.libgcc.mul
                0x00000000        0x0 c:/users/marek/documents/stralsund/studium - bachelor motorsport engineering/studien_programme/7.0/toolchain/avr8/avr8-gnu-toolchain/bin/../lib/gcc/avr/5.4.0/avr51\libgcc.a(_exit.o)
 .text.libgcc.div
                0x00000000        0x0 c:/users/marek/documents/stralsund/studium - bachelor motorsport engineering/studien_programme/7.0/toolchain/avr8/avr8-gnu-toolchain/bin/../lib/gcc/avr/5.4.0/avr51\libgcc.a(_exit.o)
 .text.libgcc   0x00000000        0x0 c:/users/marek/documents/stralsund/studium - bachelor motorsport engineering/studien_programme/7.0/toolchain/avr8/avr8-gnu-toolchain/bin/../lib/gcc/avr/5.4.0/avr51\libgcc.a(_exit.o)
 .text.libgcc.prologue
                0x00000000        0x0 c:/users/marek/documents/stralsund/studium - bachelor motorsport engineering/studien_programme/7.0/toolchain/avr8/avr8-gnu-toolchain/bin/../lib/gcc/avr/5.4.0/avr51\libgcc.a(_exit.o)
 .text.libgcc.builtins
                0x00000000        0x0 c:/users/marek/documents/stralsund/studium - bachelor motorsport engineering/studien_programme/7.0/toolchain/avr8/avr8-gnu-toolchain/bin/../lib/gcc/avr/5.4.0/avr51\libgcc.a(_exit.o)
 .text.libgcc.fmul
                0x00000000        0x0 c:/users/marek/documents/stralsund/studium - bachelor motorsport engineering/studien_programme/7.0/toolchain/avr8/avr8-gnu-toolchain/bin/../lib/gcc/avr/5.4.0/avr51\libgcc.a(_exit.o)
 .text.libgcc.fixed
                0x00000000        0x0 c:/users/marek/documents/stralsund/studium - bachelor motorsport engineering/studien_programme/7.0/toolchain/avr8/avr8-gnu-toolchain/bin/../lib/gcc/avr/5.4.0/avr51\libgcc.a(_exit.o)
 .text          0x00000000        0x0 c:/users/marek/documents/stralsund/studium - bachelor motorsport engineering/studien_programme/7.0/toolchain/avr8/avr8-gnu-toolchain/bin/../lib/gcc/avr/5.4.0/avr51\libgcc.a(_copy_data.o)
 .data          0x00000000        0x0 c:/users/marek/documents/stralsund/studium - bachelor motorsport engineering/studien_programme/7.0/toolchain/avr8/avr8-gnu-toolchain/bin/../lib/gcc/avr/5.4.0/avr51\libgcc.a(_copy_data.o)
 .bss           0x00000000        0x0 c:/users/marek/documents/stralsund/studium - bachelor motorsport engineering/studien_programme/7.0/toolchain/avr8/avr8-gnu-toolchain/bin/../lib/gcc/avr/5.4.0/avr51\libgcc.a(_copy_data.o)
 .text.libgcc.mul
                0x00000000        0x0 c:/users/marek/documents/stralsund/studium - bachelor motorsport engineering/studien_programme/7.0/toolchain/avr8/avr8-gnu-toolchain/bin/../lib/gcc/avr/5.4.0/avr51\libgcc.a(_copy_data.o)
 .text.libgcc.div
                0x00000000        0x0 c:/users/marek/documents/stralsund/studium - bachelor motorsport engineering/studien_programme/7.0/toolchain/avr8/avr8-gnu-toolchain/bin/../lib/gcc/avr/5.4.0/avr51\libgcc.a(_copy_data.o)
 .text.libgcc   0x00000000        0x0 c:/users/marek/documents/stralsund/studium - bachelor motorsport engineering/studien_programme/7.0/toolchain/avr8/avr8-gnu-toolchain/bin/../lib/gcc/avr/5.4.0/avr51\libgcc.a(_copy_data.o)
 .text.libgcc.prologue
                0x00000000        0x0 c:/users/marek/documents/stralsund/studium - bachelor motorsport engineering/studien_programme/7.0/toolchain/avr8/avr8-gnu-toolchain/bin/../lib/gcc/avr/5.4.0/avr51\libgcc.a(_copy_data.o)
 .text.libgcc.builtins
                0x00000000        0x0 c:/users/marek/documents/stralsund/studium - bachelor motorsport engineering/studien_programme/7.0/toolchain/avr8/avr8-gnu-toolchain/bin/../lib/gcc/avr/5.4.0/avr51\libgcc.a(_copy_data.o)
 .text.libgcc.fmul
                0x00000000        0x0 c:/users/marek/documents/stralsund/studium - bachelor motorsport engineering/studien_programme/7.0/toolchain/avr8/avr8-gnu-toolchain/bin/../lib/gcc/avr/5.4.0/avr51\libgcc.a(_copy_data.o)
 .text.libgcc.fixed
                0x00000000        0x0 c:/users/marek/documents/stralsund/studium - bachelor motorsport engineering/studien_programme/7.0/toolchain/avr8/avr8-gnu-toolchain/bin/../lib/gcc/avr/5.4.0/avr51\libgcc.a(_copy_data.o)
 .text          0x00000000        0x0 c:/users/marek/documents/stralsund/studium - bachelor motorsport engineering/studien_programme/7.0/toolchain/avr8/avr8-gnu-toolchain/bin/../lib/gcc/avr/5.4.0/avr51\libgcc.a(_clear_bss.o)
 .data          0x00000000        0x0 c:/users/marek/documents/stralsund/studium - bachelor motorsport engineering/studien_programme/7.0/toolchain/avr8/avr8-gnu-toolchain/bin/../lib/gcc/avr/5.4.0/avr51\libgcc.a(_clear_bss.o)
 .bss           0x00000000        0x0 c:/users/marek/documents/stralsund/studium - bachelor motorsport engineering/studien_programme/7.0/toolchain/avr8/avr8-gnu-toolchain/bin/../lib/gcc/avr/5.4.0/avr51\libgcc.a(_clear_bss.o)
 .text.libgcc.mul
                0x00000000        0x0 c:/users/marek/documents/stralsund/studium - bachelor motorsport engineering/studien_programme/7.0/toolchain/avr8/avr8-gnu-toolchain/bin/../lib/gcc/avr/5.4.0/avr51\libgcc.a(_clear_bss.o)
 .text.libgcc.div
                0x00000000        0x0 c:/users/marek/documents/stralsund/studium - bachelor motorsport engineering/studien_programme/7.0/toolchain/avr8/avr8-gnu-toolchain/bin/../lib/gcc/avr/5.4.0/avr51\libgcc.a(_clear_bss.o)
 .text.libgcc   0x00000000        0x0 c:/users/marek/documents/stralsund/studium - bachelor motorsport engineering/studien_programme/7.0/toolchain/avr8/avr8-gnu-toolchain/bin/../lib/gcc/avr/5.4.0/avr51\libgcc.a(_clear_bss.o)
 .text.libgcc.prologue
                0x00000000        0x0 c:/users/marek/documents/stralsund/studium - bachelor motorsport engineering/studien_programme/7.0/toolchain/avr8/avr8-gnu-toolchain/bin/../lib/gcc/avr/5.4.0/avr51\libgcc.a(_clear_bss.o)
 .text.libgcc.builtins
                0x00000000        0x0 c:/users/marek/documents/stralsund/studium - bachelor motorsport engineering/studien_programme/7.0/toolchain/avr8/avr8-gnu-toolchain/bin/../lib/gcc/avr/5.4.0/avr51\libgcc.a(_clear_bss.o)
 .text.libgcc.fmul
                0x00000000        0x0 c:/users/marek/documents/stralsund/studium - bachelor motorsport engineering/studien_programme/7.0/toolchain/avr8/avr8-gnu-toolchain/bin/../lib/gcc/avr/5.4.0/avr51\libgcc.a(_clear_bss.o)
 .text.libgcc.fixed
                0x00000000        0x0 c:/users/marek/documents/stralsund/studium - bachelor motorsport engineering/studien_programme/7.0/toolchain/avr8/avr8-gnu-toolchain/bin/../lib/gcc/avr/5.4.0/avr51\libgcc.a(_clear_bss.o)

Memory Configuration

Name             Origin             Length             Attributes
text             0x00000000         0x00020000         xr
data             0x00800100         0x00001000         rw !x
eeprom           0x00810000         0x00001000         rw !x
fuse             0x00820000         0x00000003         rw !x
lock             0x00830000         0x00000400         rw !x
signature        0x00840000         0x00000400         rw !x
user_signatures  0x00850000         0x00000400         rw !x
*default*        0x00000000         0xffffffff

Linker script and memory map

Address of section .data set to 0x800100
LOAD C:/Users/Marek/Documents/Stralsund/Studium - Bachelor Motorsport Engineering/Studien_Programme/7.0/Packs/atmel/ATmega_DFP/1.6.364/gcc/dev/at90can128/avr51/crtat90can128.o
LOAD adc_functions.o
LOAD canlib.o
LOAD main.o
LOAD sensor_function.o
LOAD system_config.o
START GROUP
LOAD c:/users/marek/documents/stralsund/studium - bachelor motorsport engineering/studien_programme/7.0/toolchain/avr8/avr8-gnu-toolchain/bin/../lib/gcc/avr/5.4.0/../../../../avr/lib/avr51\libm.a
END GROUP
START GROUP
LOAD c:/users/marek/documents/stralsund/studium - bachelor motorsport engineering/studien_programme/7.0/toolchain/avr8/avr8-gnu-toolchain/bin/../lib/gcc/avr/5.4.0/avr51\libgcc.a
LOAD c:/users/marek/documents/stralsund/studium - bachelor motorsport engineering/studien_programme/7.0/toolchain/avr8/avr8-gnu-toolchain/bin/../lib/gcc/avr/5.4.0/../../../../avr/lib/avr51\libm.a
LOAD c:/users/marek/documents/stralsund/studium - bachelor motorsport engineering/studien_programme/7.0/toolchain/avr8/avr8-gnu-toolchain/bin/../lib/gcc/avr/5.4.0/../../../../avr/lib/avr51\libc.a
LOAD C:/Users/Marek/Documents/Stralsund/Studium - Bachelor Motorsport Engineering/Studien_Programme/7.0/Packs/atmel/ATmega_DFP/1.6.364/gcc/dev/at90can128/avr51\libat90can128.a
END GROUP
                0x00000000                __TEXT_REGION_ORIGIN__ = DEFINED (__TEXT_REGION_ORIGIN__)?__TEXT_REGION_ORIGIN__:0x0
                [0x00800100]                __DATA_REGION_ORIGIN__ = DEFINED (__DATA_REGION_ORIGIN__)?__DATA_REGION_ORIGIN__:0x800100
                [0x00020000]                __TEXT_REGION_LENGTH__ = DEFINED (__TEXT_REGION_LENGTH__)?__TEXT_REGION_LENGTH__:0x20000
                [0x00001000]                __DATA_REGION_LENGTH__ = DEFINED (__DATA_REGION_LENGTH__)?__DATA_REGION_LENGTH__:0xff00
                [0x00001000]                __EEPROM_REGION_LENGTH__ = DEFINED (__EEPROM_REGION_LENGTH__)?__EEPROM_REGION_LENGTH__:0x10000
                [0x00000003]                __FUSE_REGION_LENGTH__ = DEFINED (__FUSE_REGION_LENGTH__)?__FUSE_REGION_LENGTH__:0x400
                0x00000400                __LOCK_REGION_LENGTH__ = DEFINED (__LOCK_REGION_LENGTH__)?__LOCK_REGION_LENGTH__:0x400
                0x00000400                __SIGNATURE_REGION_LENGTH__ = DEFINED (__SIGNATURE_REGION_LENGTH__)?__SIGNATURE_REGION_LENGTH__:0x400
                0x00000400                __USER_SIGNATURE_REGION_LENGTH__ = DEFINED (__USER_SIGNATURE_REGION_LENGTH__)?__USER_SIGNATURE_REGION_LENGTH__:0x400

.hash
 *(.hash)

.dynsym
 *(.dynsym)

.dynstr
 *(.dynstr)

.gnu.version
 *(.gnu.version)

.gnu.version_d
 *(.gnu.version_d)

.gnu.version_r
 *(.gnu.version_r)

.rel.init
 *(.rel.init)

.rela.init
 *(.rela.init)

.rel.text
 *(.rel.text)
 *(.rel.text.*)
 *(.rel.gnu.linkonce.t*)

.rela.text
 *(.rela.text)
 *(.rela.text.*)
 *(.rela.gnu.linkonce.t*)

.rel.fini
 *(.rel.fini)

.rela.fini
 *(.rela.fini)

.rel.rodata
 *(.rel.rodata)
 *(.rel.rodata.*)
 *(.rel.gnu.linkonce.r*)

.rela.rodata
 *(.rela.rodata)
 *(.rela.rodata.*)
 *(.rela.gnu.linkonce.r*)

.rel.data
 *(.rel.data)
 *(.rel.data.*)
 *(.rel.gnu.linkonce.d*)

.rela.data
 *(.rela.data)
 *(.rela.data.*)
 *(.rela.gnu.linkonce.d*)

.rel.ctors
 *(.rel.ctors)

.rela.ctors
 *(.rela.ctors)

.rel.dtors
 *(.rel.dtors)

.rela.dtors
 *(.rela.dtors)

.rel.got
 *(.rel.got)

.rela.got
 *(.rela.got)

.rel.bss
 *(.rel.bss)

.rela.bss
 *(.rela.bss)

.rel.plt
 *(.rel.plt)

.rela.plt
 *(.rela.plt)

.text           0x00000000      0xca0
 *(.vectors)
 .vectors       0x00000000       0x94 C:/Users/Marek/Documents/Stralsund/Studium - Bachelor Motorsport Engineering/Studien_Programme/7.0/Packs/atmel/ATmega_DFP/1.6.364/gcc/dev/at90can128/avr51/crtat90can128.o
                0x00000000                __vector_default
                0x00000000                __vectors
 *(.vectors)
 *(.progmem.gcc*)
 .progmem.gcc_fplib
                0x00000094       0x28 c:/users/marek/documents/stralsund/studium - bachelor motorsport engineering/studien_programme/7.0/toolchain/avr8/avr8-gnu-toolchain/bin/../lib/gcc/avr/5.4.0/../../../../avr/lib/avr51\libm.a(exp.o)
 .progmem.gcc_fplib
                0x000000bc       0x5a c:/users/marek/documents/stralsund/studium - bachelor motorsport engineering/studien_programme/7.0/toolchain/avr8/avr8-gnu-toolchain/bin/../lib/gcc/avr/5.4.0/../../../../avr/lib/avr51\libm.a(log.o)
                0x00000116                . = ALIGN (0x2)
                0x00000116                __trampolines_start = .
 *(.trampolines)
 .trampolines   0x00000116        0x0 linker stubs
 *(.trampolines*)
                0x00000116                __trampolines_end = .
 *libprintf_flt.a:*(.progmem.data)
 *libc.a:*(.progmem.data)
 *(.progmem*)
                0x00000116                . = ALIGN (0x2)
 *(.jumptables)
 *(.jumptables*)
 *(.lowtext)
 *(.lowtext*)
                0x00000116                __ctors_start = .
 *(.ctors)
                0x00000116                __ctors_end = .
                0x00000116                __dtors_start = .
 *(.dtors)
                0x00000116                __dtors_end = .
 SORT(*)(.ctors)
 SORT(*)(.dtors)
 *(.init0)
 .init0         0x00000116        0x0 C:/Users/Marek/Documents/Stralsund/Studium - Bachelor Motorsport Engineering/Studien_Programme/7.0/Packs/atmel/ATmega_DFP/1.6.364/gcc/dev/at90can128/avr51/crtat90can128.o
                0x00000116                __init
 *(.init0)
 *(.init1)
 *(.init1)
 *(.init2)
 .init2         0x00000116        0xc C:/Users/Marek/Documents/Stralsund/Studium - Bachelor Motorsport Engineering/Studien_Programme/7.0/Packs/atmel/ATmega_DFP/1.6.364/gcc/dev/at90can128/avr51/crtat90can128.o
 *(.init2)
 *(.init3)
 *(.init3)
 *(.init4)
 .init4         0x00000122       0x1a c:/users/marek/documents/stralsund/studium - bachelor motorsport engineering/studien_programme/7.0/toolchain/avr8/avr8-gnu-toolchain/bin/../lib/gcc/avr/5.4.0/avr51\libgcc.a(_copy_data.o)
                0x00000122                __do_copy_data
 .init4         0x0000013c       0x10 c:/users/marek/documents/stralsund/studium - bachelor motorsport engineering/studien_programme/7.0/toolchain/avr8/avr8-gnu-toolchain/bin/../lib/gcc/avr/5.4.0/avr51\libgcc.a(_clear_bss.o)
                0x0000013c                __do_clear_bss
 *(.init4)
 *(.init5)
 *(.init5)
 *(.init6)
 *(.init6)
 *(.init7)
 *(.init7)
 *(.init8)
 *(.init8)
 *(.init9)
 .init9         0x0000014c        0x4 C:/Users/Marek/Documents/Stralsund/Studium - Bachelor Motorsport Engineering/Studien_Programme/7.0/Packs/atmel/ATmega_DFP/1.6.364/gcc/dev/at90can128/avr51/crtat90can128.o
 *(.init9)
 *(.text)
 .text          0x00000150        0x2 C:/Users/Marek/Documents/Stralsund/Studium - Bachelor Motorsport Engineering/Studien_Programme/7.0/Packs/atmel/ATmega_DFP/1.6.364/gcc/dev/at90can128/avr51/crtat90can128.o
                0x00000150                __vector_22
                0x00000150                __vector_28
                0x00000150                __vector_1
                0x00000150                __vector_32
                0x00000150                __vector_34
                0x00000150                __vector_24
                0x00000150                __vector_12
                0x00000150                __bad_interrupt
                0x00000150                __vector_6
                0x00000150                __vector_31
                0x00000150                __vector_35
                0x00000150                __vector_3
                0x00000150                __vector_23
                0x00000150                __vector_30
                0x00000150                __vector_11
                0x00000150                __vector_13
                0x00000150                __vector_17
                0x00000150                __vector_19
                0x00000150                __vector_7
                0x00000150                __vector_27
                0x00000150                __vector_5
                0x00000150                __vector_33
                0x00000150                __vector_4
                0x00000150                __vector_9
                0x00000150                __vector_2
                0x00000150                __vector_21
                0x00000150                __vector_15
                0x00000150                __vector_36
                0x00000150                __vector_29
                0x00000150                __vector_8
                0x00000150                __vector_26
                0x00000150                __vector_14
                0x00000150                __vector_10
                0x00000150                __vector_18
                0x00000150                __vector_20
                0x00000152                . = ALIGN (0x2)
 *(.text.*)
 .text.adc_config
                0x00000152       0x16 adc_functions.o
                0x00000152                adc_config
 .text.adc_start_conversion
                0x00000168        0x8 adc_functions.o
                0x00000168                adc_start_conversion
 .text.__vector_25
                0x00000170       0x64 adc_functions.o
                0x00000170                __vector_25
 .text.adc_get  0x000001d4       0x12 adc_functions.o
                0x000001d4                adc_get
 .text.can_check_free
                0x000001e6       0x3a canlib.o
                0x000001e6                can_check_free
 .text.can_cfg  0x00000220       0x7e canlib.o
                0x00000220                can_cfg
 .text.can_tx   0x0000029e       0x8e canlib.o
                0x0000029e                can_tx
 .text.main     0x0000032c      0x15a main.o
                0x0000032c                main
 .text.ADC_brake_Sensor_front
                0x00000486      0x10a sensor_function.o
                0x00000486                ADC_brake_Sensor_front
 .text.port_config
                0x00000590       0x14 system_config.o
                0x00000590                port_config
 .text.sys_timer_config
                0x000005a4       0x10 system_config.o
                0x000005a4                sys_timer_config
 .text.__vector_16
                0x000005b4       0x4a system_config.o
                0x000005b4                __vector_16
 .text.avr-libc.fplib
                0x000005fe        0x4 c:/users/marek/documents/stralsund/studium - bachelor motorsport engineering/studien_programme/7.0/toolchain/avr8/avr8-gnu-toolchain/bin/../lib/gcc/avr/5.4.0/../../../../avr/lib/avr51\libm.a(divsf3.o)
                0x000005fe                __divsf3
 .text.avr-libc.fplib
                0x00000602       0xcc c:/users/marek/documents/stralsund/studium - bachelor motorsport engineering/studien_programme/7.0/toolchain/avr8/avr8-gnu-toolchain/bin/../lib/gcc/avr/5.4.0/../../../../avr/lib/avr51\libm.a(divsf3x.o)
                0x00000618                __divsf3x
                0x0000061c                __divsf3_pse
 .text.avr-libc.fplib
                0x000006ce       0x58 c:/users/marek/documents/stralsund/studium - bachelor motorsport engineering/studien_programme/7.0/toolchain/avr8/avr8-gnu-toolchain/bin/../lib/gcc/avr/5.4.0/../../../../avr/lib/avr51\libm.a(fixunssfsi.o)
                0x000006ce                __fixunssfsi
 .text.avr-libc.fplib
                0x00000726       0x7a c:/users/marek/documents/stralsund/studium - bachelor motorsport engineering/studien_programme/7.0/toolchain/avr8/avr8-gnu-toolchain/bin/../lib/gcc/avr/5.4.0/../../../../avr/lib/avr51\libm.a(floatsisf.o)
                0x00000726                __floatunsisf
                0x0000072a                __floatsisf
 .text.avr-libc.fplib
                0x000007a0        0xc c:/users/marek/documents/stralsund/studium - bachelor motorsport engineering/studien_programme/7.0/toolchain/avr8/avr8-gnu-toolchain/bin/../lib/gcc/avr/5.4.0/../../../../avr/lib/avr51\libm.a(fp_inf.o)
                0x000007a0                __fp_inf
 .text.avr-libc.fplib
                0x000007ac        0x6 c:/users/marek/documents/stralsund/studium - bachelor motorsport engineering/studien_programme/7.0/toolchain/avr8/avr8-gnu-toolchain/bin/../lib/gcc/avr/5.4.0/../../../../avr/lib/avr51\libm.a(fp_nan.o)
                0x000007ac                __fp_nan
 .text.avr-libc.fplib
                0x000007b2        0xe c:/users/marek/documents/stralsund/studium - bachelor motorsport engineering/studien_programme/7.0/toolchain/avr8/avr8-gnu-toolchain/bin/../lib/gcc/avr/5.4.0/../../../../avr/lib/avr51\libm.a(fp_pscA.o)
                0x000007b2                __fp_pscA
 .text.avr-libc.fplib
                0x000007c0        0xe c:/users/marek/documents/stralsund/studium - bachelor motorsport engineering/studien_programme/7.0/toolchain/avr8/avr8-gnu-toolchain/bin/../lib/gcc/avr/5.4.0/../../../../avr/lib/avr51\libm.a(fp_pscB.o)
                0x000007c0                __fp_pscB
 .text.avr-libc.fplib
                0x000007ce       0x22 c:/users/marek/documents/stralsund/studium - bachelor motorsport engineering/studien_programme/7.0/toolchain/avr8/avr8-gnu-toolchain/bin/../lib/gcc/avr/5.4.0/../../../../avr/lib/avr51\libm.a(fp_round.o)
                0x000007ce                __fp_round
 .text.avr-libc.fplib
                0x000007f0       0x44 c:/users/marek/documents/stralsund/studium - bachelor motorsport engineering/studien_programme/7.0/toolchain/avr8/avr8-gnu-toolchain/bin/../lib/gcc/avr/5.4.0/../../../../avr/lib/avr51\libm.a(fp_split3.o)
                0x000007f0                __fp_split3
                0x00000800                __fp_splitA
 .text.avr-libc.fplib
                0x00000834        0xe c:/users/marek/documents/stralsund/studium - bachelor motorsport engineering/studien_programme/7.0/toolchain/avr8/avr8-gnu-toolchain/bin/../lib/gcc/avr/5.4.0/../../../../avr/lib/avr51\libm.a(fp_zero.o)
                0x00000834                __fp_zero
                0x00000836                __fp_szero
 .text.avr-libc.fplib
                0x00000842        0x4 c:/users/marek/documents/stralsund/studium - bachelor motorsport engineering/studien_programme/7.0/toolchain/avr8/avr8-gnu-toolchain/bin/../lib/gcc/avr/5.4.0/../../../../avr/lib/avr51\libm.a(mulsf3.o)
                0x00000842                __mulsf3
 .text.avr-libc.fplib
                0x00000846       0xc2 c:/users/marek/documents/stralsund/studium - bachelor motorsport engineering/studien_programme/7.0/toolchain/avr8/avr8-gnu-toolchain/bin/../lib/gcc/avr/5.4.0/../../../../avr/lib/avr51\libm.a(mulsf3x.o)
                0x0000085a                __mulsf3x
                0x0000085e                __mulsf3_pse
 .text.avr-libc.fplib
                0x00000908       0x98 c:/users/marek/documents/stralsund/studium - bachelor motorsport engineering/studien_programme/7.0/toolchain/avr8/avr8-gnu-toolchain/bin/../lib/gcc/avr/5.4.0/../../../../avr/lib/avr51\libm.a(pow.o)
                0x00000908                pow
 .text.avr-libc.fplib
                0x000009a0       0x62 c:/users/marek/documents/stralsund/studium - bachelor motorsport engineering/studien_programme/7.0/toolchain/avr8/avr8-gnu-toolchain/bin/../lib/gcc/avr/5.4.0/../../../../avr/lib/avr51\libm.a(exp.o)
                0x000009aa                exp
 .text.avr-libc.fplib
                0x00000a02       0x4a c:/users/marek/documents/stralsund/studium - bachelor motorsport engineering/studien_programme/7.0/toolchain/avr8/avr8-gnu-toolchain/bin/../lib/gcc/avr/5.4.0/../../../../avr/lib/avr51\libm.a(fp_powser.o)
                0x00000a02                __fp_powser
 .text.avr-libc.fplib
                0x00000a4c        0xe c:/users/marek/documents/stralsund/studium - bachelor motorsport engineering/studien_programme/7.0/toolchain/avr8/avr8-gnu-toolchain/bin/../lib/gcc/avr/5.4.0/../../../../avr/lib/avr51\libm.a(inverse.o)
                0x00000a4c                inverse
 .text.avr-libc.fplib
                0x00000a5a       0x6c c:/users/marek/documents/stralsund/studium - bachelor motorsport engineering/studien_programme/7.0/toolchain/avr8/avr8-gnu-toolchain/bin/../lib/gcc/avr/5.4.0/../../../../avr/lib/avr51\libm.a(ldexp.o)
                0x00000a5e                ldexp
 .text.avr-libc.fplib
                0x00000ac6       0x8a c:/users/marek/documents/stralsund/studium - bachelor motorsport engineering/studien_programme/7.0/toolchain/avr8/avr8-gnu-toolchain/bin/../lib/gcc/avr/5.4.0/../../../../avr/lib/avr51\libm.a(log.o)
                0x00000ad0                log
 .text.avr-libc.fplib
                0x00000b50       0x66 c:/users/marek/documents/stralsund/studium - bachelor motorsport engineering/studien_programme/7.0/toolchain/avr8/avr8-gnu-toolchain/bin/../lib/gcc/avr/5.4.0/../../../../avr/lib/avr51\libm.a(modf.o)
                0x00000b50                modf
                0x00000b50                modff
 .text.avr-libc.fplib
                0x00000bb6        0xa c:/users/marek/documents/stralsund/studium - bachelor motorsport engineering/studien_programme/7.0/toolchain/avr8/avr8-gnu-toolchain/bin/../lib/gcc/avr/5.4.0/../../../../avr/lib/avr51\libm.a(addsf3.o)
                0x00000bb6                __subsf3
                0x00000bb8                __addsf3
 .text.avr-libc.fplib
                0x00000bc0       0xc0 c:/users/marek/documents/stralsund/studium - bachelor motorsport engineering/studien_programme/7.0/toolchain/avr8/avr8-gnu-toolchain/bin/../lib/gcc/avr/5.4.0/../../../../avr/lib/avr51\libm.a(addsf3x.o)
                0x00000bda                __addsf3x
 .text.avr-libc.fplib
                0x00000c80       0x1c c:/users/marek/documents/stralsund/studium - bachelor motorsport engineering/studien_programme/7.0/toolchain/avr8/avr8-gnu-toolchain/bin/../lib/gcc/avr/5.4.0/../../../../avr/lib/avr51\libm.a(fp_mpack.o)
                0x00000c80                __fp_mpack
                0x00000c84                __fp_mpack_finite
                0x00000c9c                . = ALIGN (0x2)
 *(.fini9)
 .fini9         0x00000c9c        0x0 c:/users/marek/documents/stralsund/studium - bachelor motorsport engineering/studien_programme/7.0/toolchain/avr8/avr8-gnu-toolchain/bin/../lib/gcc/avr/5.4.0/avr51\libgcc.a(_exit.o)
                0x00000c9c                _exit
                0x00000c9c                exit
 *(.fini9)
 *(.fini8)
 *(.fini8)
 *(.fini7)
 *(.fini7)
 *(.fini6)
 *(.fini6)
 *(.fini5)
 *(.fini5)
 *(.fini4)
 *(.fini4)
 *(.fini3)
 *(.fini3)
 *(.fini2)
 *(.fini2)
 *(.fini1)
 *(.fini1)
 *(.fini0)
 .fini0         0x00000c9c        0x4 c:/users/marek/documents/stralsund/studium - bachelor motorsport engineering/studien_programme/7.0/toolchain/avr8/avr8-gnu-toolchain/bin/../lib/gcc/avr/5.4.0/avr51\libgcc.a(_exit.o)
 *(.fini0)
                0x00000ca0                _etext = .

.data           0x00800100        0x0 load address 0x00000ca0
                0x00800100                PROVIDE (__data_start, .)
 *(.data)
 *(.data*)
 *(.gnu.linkonce.d*)
 *(.rodata)
 *(.rodata*)
 *(.gnu.linkonce.r*)
                0x00800100                . = ALIGN (0x2)
                0x00800100                _edata = .
                0x00800100                PROVIDE (__data_end, .)

.bss            0x00800100       0x14
                0x00800100                PROVIDE (__bss_start, .)
 *(.bss)
 *(.bss*)
 .bss.adc_next  0x00800100        0x1 adc_functions.o
                0x00800100                adc_next
 .bss.time_100_ms
                0x00800101        0x1 main.o
                0x00800101                time_100_ms
 .bss.time_50_ms
                0x00800102        0x1 main.o
                0x00800102                time_50_ms
 .bss.time_10_ms
                0x00800103        0x1 main.o
                0x00800103                time_10_ms
 .bss.time_old  0x00800104        0x4 main.o
                0x00800104                time_old
 .bss.sys_tick  0x00800108        0x4 main.o
                0x00800108                sys_tick
 *(COMMON)
 COMMON         0x0080010c        0x6 adc_functions.o
                0x0080010c                adc_values
 COMMON         0x00800112        0x2 main.o
                0x00800112                data
                0x00800114                PROVIDE (__bss_end, .)
                0x00000ca0                __data_load_start = LOADADDR (.data)
                0x00000ca0                __data_load_end = (__data_load_start + SIZEOF (.data))

.noinit         0x00800114        0x0
                [!provide]                PROVIDE (__noinit_start, .)
 *(.noinit*)
                [!provide]                PROVIDE (__noinit_end, .)
                0x00800114                _end = .
                [!provide]                PROVIDE (__heap_start, .)

.eeprom         0x00810000        0x0
 *(.eeprom*)
                0x00810000                __eeprom_end = .

.fuse
 *(.fuse)
 *(.lfuse)
 *(.hfuse)
 *(.efuse)

.lock
 *(.lock*)

.signature
 *(.signature*)

.user_signatures
 *(.user_signatures*)

.stab
 *(.stab)

.stabstr
 *(.stabstr)

.stab.excl
 *(.stab.excl)

.stab.exclstr
 *(.stab.exclstr)

.stab.index
 *(.stab.index)

.stab.indexstr
 *(.stab.indexstr)

.comment        0x00000000       0x30
 *(.comment)
 .comment       0x00000000       0x30 adc_functions.o
                                 0x31 (size before relaxing)
 .comment       0x00000030       0x31 canlib.o
 .comment       0x00000030       0x31 main.o
 .comment       0x00000030       0x31 sensor_function.o
 .comment       0x00000030       0x31 system_config.o

.note.gnu.avr.deviceinfo
                0x00000000       0x40
 .note.gnu.avr.deviceinfo
                0x00000000       0x40 C:/Users/Marek/Documents/Stralsund/Studium - Bachelor Motorsport Engineering/Studien_Programme/7.0/Packs/atmel/ATmega_DFP/1.6.364/gcc/dev/at90can128/avr51/crtat90can128.o

.note.gnu.build-id
 *(.note.gnu.build-id)

.debug
 *(.debug)

.line
 *(.line)

.debug_srcinfo
 *(.debug_srcinfo)

.debug_sfnames
 *(.debug_sfnames)

.debug_aranges  0x00000000       0xe0
 *(.debug_aranges)
 .debug_aranges
                0x00000000       0x38 adc_functions.o
 .debug_aranges
                0x00000038       0x38 canlib.o
 .debug_aranges
                0x00000070       0x20 main.o
 .debug_aranges
                0x00000090       0x20 sensor_function.o
 .debug_aranges
                0x000000b0       0x30 system_config.o

.debug_pubnames
 *(.debug_pubnames)

.debug_info     0x00000000     0x1343
 *(.debug_info .gnu.linkonce.wi.*)
 .debug_info    0x00000000      0xa2d C:/Users/Marek/Documents/Stralsund/Studium - Bachelor Motorsport Engineering/Studien_Programme/7.0/Packs/atmel/ATmega_DFP/1.6.364/gcc/dev/at90can128/avr51/crtat90can128.o
 .debug_info    0x00000a2d      0x194 adc_functions.o
 .debug_info    0x00000bc1      0x1fc canlib.o
 .debug_info    0x00000dbd      0x355 main.o
 .debug_info    0x00001112      0x175 sensor_function.o
 .debug_info    0x00001287       0xbc system_config.o

.debug_abbrev   0x00000000      0xd75
 *(.debug_abbrev)
 .debug_abbrev  0x00000000      0x9a0 C:/Users/Marek/Documents/Stralsund/Studium - Bachelor Motorsport Engineering/Studien_Programme/7.0/Packs/atmel/ATmega_DFP/1.6.364/gcc/dev/at90can128/avr51/crtat90can128.o
 .debug_abbrev  0x000009a0       0xb5 adc_functions.o
 .debug_abbrev  0x00000a55      0x121 canlib.o
 .debug_abbrev  0x00000b76       0xe9 main.o
 .debug_abbrev  0x00000c5f       0x9c sensor_function.o
 .debug_abbrev  0x00000cfb       0x7a system_config.o

.debug_line     0x00000000      0x9e5
 *(.debug_line .debug_line.* .debug_line_end)
 .debug_line    0x00000000      0x176 C:/Users/Marek/Documents/Stralsund/Studium - Bachelor Motorsport Engineering/Studien_Programme/7.0/Packs/atmel/ATmega_DFP/1.6.364/gcc/dev/at90can128/avr51/crtat90can128.o
 .debug_line    0x00000176      0x157 adc_functions.o
 .debug_line    0x000002cd      0x2eb canlib.o
 .debug_line    0x000005b8      0x1e3 main.o
 .debug_line    0x0000079b      0x11b sensor_function.o
 .debug_line    0x000008b6      0x12f system_config.o

.debug_frame    0x00000000      0x208
 *(.debug_frame)
 .debug_frame   0x00000000       0x78 adc_functions.o
 .debug_frame   0x00000078       0x74 canlib.o
 .debug_frame   0x000000ec       0x34 main.o
 .debug_frame   0x00000120       0x84 sensor_function.o
 .debug_frame   0x000001a4       0x64 system_config.o

.debug_str      0x00000000      0x719
 *(.debug_str)
 .debug_str     0x00000000      0x39f C:/Users/Marek/Documents/Stralsund/Studium - Bachelor Motorsport Engineering/Studien_Programme/7.0/Packs/atmel/ATmega_DFP/1.6.364/gcc/dev/at90can128/avr51/crtat90can128.o
 .debug_str     0x0000039f      0x1e4 adc_functions.o
                                0x218 (size before relaxing)
 .debug_str     0x00000583       0x87 canlib.o
                                0x1f9 (size before relaxing)
 .debug_str     0x0000060a       0xa1 main.o
                                0x283 (size before relaxing)
 .debug_str     0x000006ab       0x4d sensor_function.o
                                0x213 (size before relaxing)
 .debug_str     0x000006f8       0x21 system_config.o
                                0x1b0 (size before relaxing)

.debug_loc      0x00000000      0x6fd
 *(.debug_loc)
 .debug_loc     0x00000000       0x91 adc_functions.o
 .debug_loc     0x00000091      0x20d canlib.o
 .debug_loc     0x0000029e       0x47 main.o
 .debug_loc     0x000002e5      0x3b5 sensor_function.o
 .debug_loc     0x0000069a       0x63 system_config.o

.debug_macinfo
 *(.debug_macinfo)

.debug_weaknames
 *(.debug_weaknames)

.debug_funcnames
 *(.debug_funcnames)

.debug_typenames
 *(.debug_typenames)

.debug_varnames
 *(.debug_varnames)

.debug_pubtypes
 *(.debug_pubtypes)

.debug_ranges   0x00000000       0x90
 *(.debug_ranges)
 .debug_ranges  0x00000000       0x28 adc_functions.o
 .debug_ranges  0x00000028       0x28 canlib.o
 .debug_ranges  0x00000050       0x10 main.o
 .debug_ranges  0x00000060       0x10 sensor_function.o
 .debug_ranges  0x00000070       0x20 system_config.o

.debug_macro
 *(.debug_macro)
OUTPUT(SHL_Firmware.elf elf32-avr)
LOAD linker stubs
