Archive member included to satisfy reference by file (symbol)

c:/program files/microchip/xc8/v2.36/avr/bin/../lib/gcc/avr/5.4.0/../../../../avr/lib/avr51/memx-const\libm.a(addsf3.o)
                              sensor_functions.o (__subsf3)
c:/program files/microchip/xc8/v2.36/avr/bin/../lib/gcc/avr/5.4.0/../../../../avr/lib/avr51/memx-const\libm.a(addsf3x.o)
                              c:/program files/microchip/xc8/v2.36/avr/bin/../lib/gcc/avr/5.4.0/../../../../avr/lib/avr51/memx-const\libm.a(addsf3.o) (__addsf3x)
c:/program files/microchip/xc8/v2.36/avr/bin/../lib/gcc/avr/5.4.0/../../../../avr/lib/avr51/memx-const\libm.a(divsf3.o)
                              sensor_functions.o (__divsf3)
c:/program files/microchip/xc8/v2.36/avr/bin/../lib/gcc/avr/5.4.0/../../../../avr/lib/avr51/memx-const\libm.a(divsf3x.o)
                              c:/program files/microchip/xc8/v2.36/avr/bin/../lib/gcc/avr/5.4.0/../../../../avr/lib/avr51/memx-const\libm.a(divsf3.o) (__divsf3x)
c:/program files/microchip/xc8/v2.36/avr/bin/../lib/gcc/avr/5.4.0/../../../../avr/lib/avr51/memx-const\libm.a(fixunssfsi.o)
                              main.o (__fixunssfsi)
c:/program files/microchip/xc8/v2.36/avr/bin/../lib/gcc/avr/5.4.0/../../../../avr/lib/avr51/memx-const\libm.a(floatsisf.o)
                              main.o (__floatunsisf)
c:/program files/microchip/xc8/v2.36/avr/bin/../lib/gcc/avr/5.4.0/../../../../avr/lib/avr51/memx-const\libm.a(fp_inf.o)
                              c:/program files/microchip/xc8/v2.36/avr/bin/../lib/gcc/avr/5.4.0/../../../../avr/lib/avr51/memx-const\libm.a(addsf3x.o) (__fp_inf)
c:/program files/microchip/xc8/v2.36/avr/bin/../lib/gcc/avr/5.4.0/../../../../avr/lib/avr51/memx-const\libm.a(fp_nan.o)
                              c:/program files/microchip/xc8/v2.36/avr/bin/../lib/gcc/avr/5.4.0/../../../../avr/lib/avr51/memx-const\libm.a(addsf3x.o) (__fp_nan)
c:/program files/microchip/xc8/v2.36/avr/bin/../lib/gcc/avr/5.4.0/../../../../avr/lib/avr51/memx-const\libm.a(fp_pscA.o)
                              c:/program files/microchip/xc8/v2.36/avr/bin/../lib/gcc/avr/5.4.0/../../../../avr/lib/avr51/memx-const\libm.a(addsf3x.o) (__fp_pscA)
c:/program files/microchip/xc8/v2.36/avr/bin/../lib/gcc/avr/5.4.0/../../../../avr/lib/avr51/memx-const\libm.a(fp_pscB.o)
                              c:/program files/microchip/xc8/v2.36/avr/bin/../lib/gcc/avr/5.4.0/../../../../avr/lib/avr51/memx-const\libm.a(addsf3x.o) (__fp_pscB)
c:/program files/microchip/xc8/v2.36/avr/bin/../lib/gcc/avr/5.4.0/../../../../avr/lib/avr51/memx-const\libm.a(fp_round.o)
                              c:/program files/microchip/xc8/v2.36/avr/bin/../lib/gcc/avr/5.4.0/../../../../avr/lib/avr51/memx-const\libm.a(addsf3.o) (__fp_round)
c:/program files/microchip/xc8/v2.36/avr/bin/../lib/gcc/avr/5.4.0/../../../../avr/lib/avr51/memx-const\libm.a(fp_split3.o)
                              c:/program files/microchip/xc8/v2.36/avr/bin/../lib/gcc/avr/5.4.0/../../../../avr/lib/avr51/memx-const\libm.a(addsf3x.o) (__fp_split3)
c:/program files/microchip/xc8/v2.36/avr/bin/../lib/gcc/avr/5.4.0/../../../../avr/lib/avr51/memx-const\libm.a(fp_zero.o)
                              c:/program files/microchip/xc8/v2.36/avr/bin/../lib/gcc/avr/5.4.0/../../../../avr/lib/avr51/memx-const\libm.a(addsf3x.o) (__fp_zero)
c:/program files/microchip/xc8/v2.36/avr/bin/../lib/gcc/avr/5.4.0/../../../../avr/lib/avr51/memx-const\libm.a(mulsf3.o)
                              sensor_functions.o (__mulsf3)
c:/program files/microchip/xc8/v2.36/avr/bin/../lib/gcc/avr/5.4.0/../../../../avr/lib/avr51/memx-const\libm.a(mulsf3x.o)
                              c:/program files/microchip/xc8/v2.36/avr/bin/../lib/gcc/avr/5.4.0/../../../../avr/lib/avr51/memx-const\libm.a(mulsf3.o) (__mulsf3x)
c:/program files/microchip/xc8/v2.36/avr/bin/../lib/gcc/avr/5.4.0/avr51/memx-const\libgcc.a(_copy_data.o)
                              main.o (__do_copy_data)
c:/program files/microchip/xc8/v2.36/avr/bin/../lib/gcc/avr/5.4.0/../../../../avr/lib/avr51/memx-const\libc.a(exit.o)
                              C:/Users/Marek/Documents/Stralsund/Studium - Bachelor Motorsport Engineering/Studien_Programme/7.0/Packs/atmel/ATmega_DFP/1.7.374/xc8/avr/lib/avr51/memx-const/crtat90can128.o (exit)
c:/program files/microchip/xc8/v2.36/avr/bin/../lib/gcc/avr/5.4.0/../../../../avr/lib/avr51/memx-const\libc.a(_Exit.o)
                              c:/program files/microchip/xc8/v2.36/avr/bin/../lib/gcc/avr/5.4.0/../../../../avr/lib/avr51/memx-const\libc.a(exit.o) (_Exit)
c:/program files/microchip/xc8/v2.36/avr/bin/../lib/gcc/avr/5.4.0/avr51/memx-const\libgcc.a(_exit.o)
                              c:/program files/microchip/xc8/v2.36/avr/bin/../lib/gcc/avr/5.4.0/../../../../avr/lib/avr51/memx-const\libc.a(_Exit.o) (_exit)

Allocating common symbols
Common symbol       size              file

adc_values          0xc               adc_functions.o

Discarded input sections

 .data          0x0000000000000000        0x0 C:/Users/Marek/Documents/Stralsund/Studium - Bachelor Motorsport Engineering/Studien_Programme/7.0/Packs/atmel/ATmega_DFP/1.7.374/xc8/avr/lib/avr51/memx-const/crtat90can128.o
 .bss           0x0000000000000000        0x0 C:/Users/Marek/Documents/Stralsund/Studium - Bachelor Motorsport Engineering/Studien_Programme/7.0/Packs/atmel/ATmega_DFP/1.7.374/xc8/avr/lib/avr51/memx-const/crtat90can128.o
 .text          0x0000000000000000        0x0 canlib.o
 .data          0x0000000000000000        0x0 canlib.o
 .bss           0x0000000000000000        0x0 canlib.o
 .text.can_rx   0x0000000000000000      0x140 canlib.o
 .text          0x0000000000000000        0x0 adc_functions.o
 .data          0x0000000000000000        0x0 adc_functions.o
 .bss           0x0000000000000000        0x0 adc_functions.o
 .text          0x0000000000000000        0x0 main.o
 .data          0x0000000000000000        0x0 main.o
 .bss           0x0000000000000000        0x0 main.o
 .text          0x0000000000000000        0x0 sensor_functions.o
 .data          0x0000000000000000        0x0 sensor_functions.o
 .bss           0x0000000000000000        0x0 sensor_functions.o
 .text          0x0000000000000000        0x0 system_config.o
 .data          0x0000000000000000        0x0 system_config.o
 .bss           0x0000000000000000        0x0 system_config.o
 .data          0x0000000000000000        0x0 c:/program files/microchip/xc8/v2.36/avr/bin/../lib/gcc/avr/5.4.0/../../../../avr/lib/avr51/memx-const\libm.a(addsf3.o)
 .bss           0x0000000000000000        0x0 c:/program files/microchip/xc8/v2.36/avr/bin/../lib/gcc/avr/5.4.0/../../../../avr/lib/avr51/memx-const\libm.a(addsf3.o)
 .stack.descriptors
                0x0000000000000000       0x2c c:/program files/microchip/xc8/v2.36/avr/bin/../lib/gcc/avr/5.4.0/../../../../avr/lib/avr51/memx-const\libm.a(addsf3.o)
 .data          0x0000000000000000        0x0 c:/program files/microchip/xc8/v2.36/avr/bin/../lib/gcc/avr/5.4.0/../../../../avr/lib/avr51/memx-const\libm.a(addsf3x.o)
 .bss           0x0000000000000000        0x0 c:/program files/microchip/xc8/v2.36/avr/bin/../lib/gcc/avr/5.4.0/../../../../avr/lib/avr51/memx-const\libm.a(addsf3x.o)
 .stack.descriptors
                0x0000000000000000       0x17 c:/program files/microchip/xc8/v2.36/avr/bin/../lib/gcc/avr/5.4.0/../../../../avr/lib/avr51/memx-const\libm.a(addsf3x.o)
 .data          0x0000000000000000        0x0 c:/program files/microchip/xc8/v2.36/avr/bin/../lib/gcc/avr/5.4.0/../../../../avr/lib/avr51/memx-const\libm.a(divsf3.o)
 .bss           0x0000000000000000        0x0 c:/program files/microchip/xc8/v2.36/avr/bin/../lib/gcc/avr/5.4.0/../../../../avr/lib/avr51/memx-const\libm.a(divsf3.o)
 .stack.descriptors
                0x0000000000000000       0x16 c:/program files/microchip/xc8/v2.36/avr/bin/../lib/gcc/avr/5.4.0/../../../../avr/lib/avr51/memx-const\libm.a(divsf3.o)
 .data          0x0000000000000000        0x0 c:/program files/microchip/xc8/v2.36/avr/bin/../lib/gcc/avr/5.4.0/../../../../avr/lib/avr51/memx-const\libm.a(divsf3x.o)
 .bss           0x0000000000000000        0x0 c:/program files/microchip/xc8/v2.36/avr/bin/../lib/gcc/avr/5.4.0/../../../../avr/lib/avr51/memx-const\libm.a(divsf3x.o)
 .stack.descriptors
                0x0000000000000000       0x31 c:/program files/microchip/xc8/v2.36/avr/bin/../lib/gcc/avr/5.4.0/../../../../avr/lib/avr51/memx-const\libm.a(divsf3x.o)
 .data          0x0000000000000000        0x0 c:/program files/microchip/xc8/v2.36/avr/bin/../lib/gcc/avr/5.4.0/../../../../avr/lib/avr51/memx-const\libm.a(fixunssfsi.o)
 .bss           0x0000000000000000        0x0 c:/program files/microchip/xc8/v2.36/avr/bin/../lib/gcc/avr/5.4.0/../../../../avr/lib/avr51/memx-const\libm.a(fixunssfsi.o)
 .stack.descriptors
                0x0000000000000000       0x1a c:/program files/microchip/xc8/v2.36/avr/bin/../lib/gcc/avr/5.4.0/../../../../avr/lib/avr51/memx-const\libm.a(fixunssfsi.o)
 .data          0x0000000000000000        0x0 c:/program files/microchip/xc8/v2.36/avr/bin/../lib/gcc/avr/5.4.0/../../../../avr/lib/avr51/memx-const\libm.a(floatsisf.o)
 .bss           0x0000000000000000        0x0 c:/program files/microchip/xc8/v2.36/avr/bin/../lib/gcc/avr/5.4.0/../../../../avr/lib/avr51/memx-const\libm.a(floatsisf.o)
 .stack.descriptors
                0x0000000000000000       0x34 c:/program files/microchip/xc8/v2.36/avr/bin/../lib/gcc/avr/5.4.0/../../../../avr/lib/avr51/memx-const\libm.a(floatsisf.o)
 .data          0x0000000000000000        0x0 c:/program files/microchip/xc8/v2.36/avr/bin/../lib/gcc/avr/5.4.0/../../../../avr/lib/avr51/memx-const\libm.a(fp_inf.o)
 .bss           0x0000000000000000        0x0 c:/program files/microchip/xc8/v2.36/avr/bin/../lib/gcc/avr/5.4.0/../../../../avr/lib/avr51/memx-const\libm.a(fp_inf.o)
 .stack.descriptors
                0x0000000000000000       0x16 c:/program files/microchip/xc8/v2.36/avr/bin/../lib/gcc/avr/5.4.0/../../../../avr/lib/avr51/memx-const\libm.a(fp_inf.o)
 .data          0x0000000000000000        0x0 c:/program files/microchip/xc8/v2.36/avr/bin/../lib/gcc/avr/5.4.0/../../../../avr/lib/avr51/memx-const\libm.a(fp_nan.o)
 .bss           0x0000000000000000        0x0 c:/program files/microchip/xc8/v2.36/avr/bin/../lib/gcc/avr/5.4.0/../../../../avr/lib/avr51/memx-const\libm.a(fp_nan.o)
 .stack.descriptors
                0x0000000000000000       0x16 c:/program files/microchip/xc8/v2.36/avr/bin/../lib/gcc/avr/5.4.0/../../../../avr/lib/avr51/memx-const\libm.a(fp_nan.o)
 .data          0x0000000000000000        0x0 c:/program files/microchip/xc8/v2.36/avr/bin/../lib/gcc/avr/5.4.0/../../../../avr/lib/avr51/memx-const\libm.a(fp_pscA.o)
 .bss           0x0000000000000000        0x0 c:/program files/microchip/xc8/v2.36/avr/bin/../lib/gcc/avr/5.4.0/../../../../avr/lib/avr51/memx-const\libm.a(fp_pscA.o)
 .stack.descriptors
                0x0000000000000000       0x17 c:/program files/microchip/xc8/v2.36/avr/bin/../lib/gcc/avr/5.4.0/../../../../avr/lib/avr51/memx-const\libm.a(fp_pscA.o)
 .data          0x0000000000000000        0x0 c:/program files/microchip/xc8/v2.36/avr/bin/../lib/gcc/avr/5.4.0/../../../../avr/lib/avr51/memx-const\libm.a(fp_pscB.o)
 .bss           0x0000000000000000        0x0 c:/program files/microchip/xc8/v2.36/avr/bin/../lib/gcc/avr/5.4.0/../../../../avr/lib/avr51/memx-const\libm.a(fp_pscB.o)
 .stack.descriptors
                0x0000000000000000       0x17 c:/program files/microchip/xc8/v2.36/avr/bin/../lib/gcc/avr/5.4.0/../../../../avr/lib/avr51/memx-const\libm.a(fp_pscB.o)
 .data          0x0000000000000000        0x0 c:/program files/microchip/xc8/v2.36/avr/bin/../lib/gcc/avr/5.4.0/../../../../avr/lib/avr51/memx-const\libm.a(fp_round.o)
 .bss           0x0000000000000000        0x0 c:/program files/microchip/xc8/v2.36/avr/bin/../lib/gcc/avr/5.4.0/../../../../avr/lib/avr51/memx-const\libm.a(fp_round.o)
 .stack.descriptors
                0x0000000000000000       0x18 c:/program files/microchip/xc8/v2.36/avr/bin/../lib/gcc/avr/5.4.0/../../../../avr/lib/avr51/memx-const\libm.a(fp_round.o)
 .data          0x0000000000000000        0x0 c:/program files/microchip/xc8/v2.36/avr/bin/../lib/gcc/avr/5.4.0/../../../../avr/lib/avr51/memx-const\libm.a(fp_split3.o)
 .bss           0x0000000000000000        0x0 c:/program files/microchip/xc8/v2.36/avr/bin/../lib/gcc/avr/5.4.0/../../../../avr/lib/avr51/memx-const\libm.a(fp_split3.o)
 .stack.descriptors
                0x0000000000000000       0x32 c:/program files/microchip/xc8/v2.36/avr/bin/../lib/gcc/avr/5.4.0/../../../../avr/lib/avr51/memx-const\libm.a(fp_split3.o)
 .data          0x0000000000000000        0x0 c:/program files/microchip/xc8/v2.36/avr/bin/../lib/gcc/avr/5.4.0/../../../../avr/lib/avr51/memx-const\libm.a(fp_zero.o)
 .bss           0x0000000000000000        0x0 c:/program files/microchip/xc8/v2.36/avr/bin/../lib/gcc/avr/5.4.0/../../../../avr/lib/avr51/memx-const\libm.a(fp_zero.o)
 .stack.descriptors
                0x0000000000000000       0x2f c:/program files/microchip/xc8/v2.36/avr/bin/../lib/gcc/avr/5.4.0/../../../../avr/lib/avr51/memx-const\libm.a(fp_zero.o)
 .data          0x0000000000000000        0x0 c:/program files/microchip/xc8/v2.36/avr/bin/../lib/gcc/avr/5.4.0/../../../../avr/lib/avr51/memx-const\libm.a(mulsf3.o)
 .bss           0x0000000000000000        0x0 c:/program files/microchip/xc8/v2.36/avr/bin/../lib/gcc/avr/5.4.0/../../../../avr/lib/avr51/memx-const\libm.a(mulsf3.o)
 .stack.descriptors
                0x0000000000000000       0x16 c:/program files/microchip/xc8/v2.36/avr/bin/../lib/gcc/avr/5.4.0/../../../../avr/lib/avr51/memx-const\libm.a(mulsf3.o)
 .data          0x0000000000000000        0x0 c:/program files/microchip/xc8/v2.36/avr/bin/../lib/gcc/avr/5.4.0/../../../../avr/lib/avr51/memx-const\libm.a(mulsf3x.o)
 .bss           0x0000000000000000        0x0 c:/program files/microchip/xc8/v2.36/avr/bin/../lib/gcc/avr/5.4.0/../../../../avr/lib/avr51/memx-const\libm.a(mulsf3x.o)
 .stack.descriptors
                0x0000000000000000       0x31 c:/program files/microchip/xc8/v2.36/avr/bin/../lib/gcc/avr/5.4.0/../../../../avr/lib/avr51/memx-const\libm.a(mulsf3x.o)
 .text          0x0000000000000000        0x0 c:/program files/microchip/xc8/v2.36/avr/bin/../lib/gcc/avr/5.4.0/avr51/memx-const\libgcc.a(_copy_data.o)
 .data          0x0000000000000000        0x0 c:/program files/microchip/xc8/v2.36/avr/bin/../lib/gcc/avr/5.4.0/avr51/memx-const\libgcc.a(_copy_data.o)
 .bss           0x0000000000000000        0x0 c:/program files/microchip/xc8/v2.36/avr/bin/../lib/gcc/avr/5.4.0/avr51/memx-const\libgcc.a(_copy_data.o)
 .text.libgcc.mul
                0x0000000000000000        0x0 c:/program files/microchip/xc8/v2.36/avr/bin/../lib/gcc/avr/5.4.0/avr51/memx-const\libgcc.a(_copy_data.o)
 .text.libgcc.div
                0x0000000000000000        0x0 c:/program files/microchip/xc8/v2.36/avr/bin/../lib/gcc/avr/5.4.0/avr51/memx-const\libgcc.a(_copy_data.o)
 .text.libgcc   0x0000000000000000        0x0 c:/program files/microchip/xc8/v2.36/avr/bin/../lib/gcc/avr/5.4.0/avr51/memx-const\libgcc.a(_copy_data.o)
 .text.libgcc.prologue
                0x0000000000000000        0x0 c:/program files/microchip/xc8/v2.36/avr/bin/../lib/gcc/avr/5.4.0/avr51/memx-const\libgcc.a(_copy_data.o)
 .text.libgcc.builtins
                0x0000000000000000        0x0 c:/program files/microchip/xc8/v2.36/avr/bin/../lib/gcc/avr/5.4.0/avr51/memx-const\libgcc.a(_copy_data.o)
 .text.libgcc.fmul
                0x0000000000000000        0x0 c:/program files/microchip/xc8/v2.36/avr/bin/../lib/gcc/avr/5.4.0/avr51/memx-const\libgcc.a(_copy_data.o)
 .text.libgcc.fixed
                0x0000000000000000        0x0 c:/program files/microchip/xc8/v2.36/avr/bin/../lib/gcc/avr/5.4.0/avr51/memx-const\libgcc.a(_copy_data.o)
 .text          0x0000000000000000        0x0 c:/program files/microchip/xc8/v2.36/avr/bin/../lib/gcc/avr/5.4.0/../../../../avr/lib/avr51/memx-const\libc.a(exit.o)
 .data          0x0000000000000000        0x0 c:/program files/microchip/xc8/v2.36/avr/bin/../lib/gcc/avr/5.4.0/../../../../avr/lib/avr51/memx-const\libc.a(exit.o)
 .bss           0x0000000000000000        0x0 c:/program files/microchip/xc8/v2.36/avr/bin/../lib/gcc/avr/5.4.0/../../../../avr/lib/avr51/memx-const\libc.a(exit.o)
 .text          0x0000000000000000        0x0 c:/program files/microchip/xc8/v2.36/avr/bin/../lib/gcc/avr/5.4.0/../../../../avr/lib/avr51/memx-const\libc.a(_Exit.o)
 .data          0x0000000000000000        0x0 c:/program files/microchip/xc8/v2.36/avr/bin/../lib/gcc/avr/5.4.0/../../../../avr/lib/avr51/memx-const\libc.a(_Exit.o)
 .bss           0x0000000000000000        0x0 c:/program files/microchip/xc8/v2.36/avr/bin/../lib/gcc/avr/5.4.0/../../../../avr/lib/avr51/memx-const\libc.a(_Exit.o)
 .text          0x0000000000000000        0x0 c:/program files/microchip/xc8/v2.36/avr/bin/../lib/gcc/avr/5.4.0/avr51/memx-const\libgcc.a(_exit.o)
 .data          0x0000000000000000        0x0 c:/program files/microchip/xc8/v2.36/avr/bin/../lib/gcc/avr/5.4.0/avr51/memx-const\libgcc.a(_exit.o)
 .bss           0x0000000000000000        0x0 c:/program files/microchip/xc8/v2.36/avr/bin/../lib/gcc/avr/5.4.0/avr51/memx-const\libgcc.a(_exit.o)
 .text.libgcc.mul
                0x0000000000000000        0x0 c:/program files/microchip/xc8/v2.36/avr/bin/../lib/gcc/avr/5.4.0/avr51/memx-const\libgcc.a(_exit.o)
 .text.libgcc.div
                0x0000000000000000        0x0 c:/program files/microchip/xc8/v2.36/avr/bin/../lib/gcc/avr/5.4.0/avr51/memx-const\libgcc.a(_exit.o)
 .text.libgcc   0x0000000000000000        0x0 c:/program files/microchip/xc8/v2.36/avr/bin/../lib/gcc/avr/5.4.0/avr51/memx-const\libgcc.a(_exit.o)
 .text.libgcc.prologue
                0x0000000000000000        0x0 c:/program files/microchip/xc8/v2.36/avr/bin/../lib/gcc/avr/5.4.0/avr51/memx-const\libgcc.a(_exit.o)
 .stack.descriptors
                0x0000000000000000       0x13 c:/program files/microchip/xc8/v2.36/avr/bin/../lib/gcc/avr/5.4.0/avr51/memx-const\libgcc.a(_exit.o)
 .text.libgcc.builtins
                0x0000000000000000        0x0 c:/program files/microchip/xc8/v2.36/avr/bin/../lib/gcc/avr/5.4.0/avr51/memx-const\libgcc.a(_exit.o)
 .text.libgcc.fmul
                0x0000000000000000        0x0 c:/program files/microchip/xc8/v2.36/avr/bin/../lib/gcc/avr/5.4.0/avr51/memx-const\libgcc.a(_exit.o)
 .text.libgcc.fixed
                0x0000000000000000        0x0 c:/program files/microchip/xc8/v2.36/avr/bin/../lib/gcc/avr/5.4.0/avr51/memx-const\libgcc.a(_exit.o)

Memory Configuration

Name             Origin             Length             Attributes
text             0x0000000000000000 0x0000000000020000 xr
data             0x0000000000800100 0x0000000000001000 rw !x
eeprom           0x0000000000810000 0x0000000000001000 rw !x
fuse             0x0000000000820000 0x0000000000000003 rw !x
lock             0x0000000000830000 0x0000000000000400 rw !x
signature        0x0000000000840000 0x0000000000000400 rw !x
user_signatures  0x0000000000850000 0x0000000000000400 rw !x
*default*        0x0000000000000000 0xffffffffffffffff

Linker script and memory map

Address of section .data set to 0x800100
LOAD C:/Users/Marek/Documents/Stralsund/Studium - Bachelor Motorsport Engineering/Studien_Programme/7.0/Packs/atmel/ATmega_DFP/1.7.374/xc8/avr/lib/avr51/memx-const/crtat90can128.o
LOAD canlib.o
LOAD adc_functions.o
LOAD main.o
LOAD sensor_functions.o
LOAD system_config.o
START GROUP
LOAD c:/program files/microchip/xc8/v2.36/avr/bin/../lib/gcc/avr/5.4.0/../../../../avr/lib/avr51/memx-const\libm.a
END GROUP
START GROUP
LOAD c:/program files/microchip/xc8/v2.36/avr/bin/../lib/gcc/avr/5.4.0/avr51/memx-const\libgcc.a
LOAD c:/program files/microchip/xc8/v2.36/avr/bin/../lib/gcc/avr/5.4.0/../../../../avr/lib/avr51/memx-const\libm.a
LOAD c:/program files/microchip/xc8/v2.36/avr/bin/../lib/gcc/avr/5.4.0/../../../../avr/lib/avr51/memx-const\libc.a
LOAD C:/Users/Marek/Documents/Stralsund/Studium - Bachelor Motorsport Engineering/Studien_Programme/7.0/Packs/atmel/ATmega_DFP/1.7.374/xc8/avr/lib/avr51/memx-const\libat90can128.a
END GROUP
                0x0000000000000000                __TEXT_REGION_ORIGIN__ = DEFINED (__TEXT_REGION_ORIGIN__)?__TEXT_REGION_ORIGIN__:0x0
                [0x0000000000800100]                __DATA_REGION_ORIGIN__ = DEFINED (__DATA_REGION_ORIGIN__)?__DATA_REGION_ORIGIN__:0x800100
                [0x0000000000020000]                __TEXT_REGION_LENGTH__ = DEFINED (__TEXT_REGION_LENGTH__)?__TEXT_REGION_LENGTH__:0x20000
                [0x0000000000001000]                __DATA_REGION_LENGTH__ = DEFINED (__DATA_REGION_LENGTH__)?__DATA_REGION_LENGTH__:0xff00
                [0x0000000000001000]                __EEPROM_REGION_LENGTH__ = DEFINED (__EEPROM_REGION_LENGTH__)?__EEPROM_REGION_LENGTH__:0x10000
                [0x0000000000000003]                __FUSE_REGION_LENGTH__ = DEFINED (__FUSE_REGION_LENGTH__)?__FUSE_REGION_LENGTH__:0x400
                0x0000000000000400                __LOCK_REGION_LENGTH__ = DEFINED (__LOCK_REGION_LENGTH__)?__LOCK_REGION_LENGTH__:0x400
                0x0000000000000400                __SIGNATURE_REGION_LENGTH__ = DEFINED (__SIGNATURE_REGION_LENGTH__)?__SIGNATURE_REGION_LENGTH__:0x400
                0x0000000000000400                __USER_SIGNATURE_REGION_LENGTH__ = DEFINED (__USER_SIGNATURE_REGION_LENGTH__)?__USER_SIGNATURE_REGION_LENGTH__:0x400

.hash
 *(.hash)

.dynsym
 *(.dynsym)

.dynstr
 *(.dynstr)

.gnu.version
 *(.gnu.version)

.gnu.version_d
 *(.gnu.version_d)

.gnu.version_r
 *(.gnu.version_r)

.rel.init
 *(.rel.init)

.rela.init
 *(.rela.init)

.rel.text
 *(.rel.text)
 *(.rel.text.*)
 *(.rel.gnu.linkonce.t*)

.rela.text
 *(.rela.text)
 *(.rela.text.*)
 *(.rela.gnu.linkonce.t*)

.rel.fini
 *(.rel.fini)

.rela.fini
 *(.rela.fini)

.rel.rodata
 *(.rel.rodata)
 *(.rel.rodata.*)
 *(.rel.gnu.linkonce.r*)

.rela.rodata
 *(.rela.rodata)
 *(.rela.rodata.*)
 *(.rela.gnu.linkonce.r*)

.rel.data
 *(.rel.data)
 *(.rel.data.*)
 *(.rel.gnu.linkonce.d*)

.rela.data
 *(.rela.data)
 *(.rela.data.*)
 *(.rela.gnu.linkonce.d*)

.rel.ctors
 *(.rel.ctors)

.rela.ctors
 *(.rela.ctors)

.rel.dtors
 *(.rel.dtors)

.rela.dtors
 *(.rela.dtors)

.rel.got
 *(.rel.got)

.rela.got
 *(.rela.got)

.rel.bss
 *(.rel.bss)

.rela.bss
 *(.rela.bss)

.rel.plt
 *(.rel.plt)

.rela.plt
 *(.rela.plt)

.text           0x0000000000000000       0xf8
 *(.vectors)
 .vectors       0x0000000000000000       0x94 C:/Users/Marek/Documents/Stralsund/Studium - Bachelor Motorsport Engineering/Studien_Programme/7.0/Packs/atmel/ATmega_DFP/1.7.374/xc8/avr/lib/avr51/memx-const/crtat90can128.o
                0x0000000000000000                __vector_default
                0x0000000000000000                __vectors
 *(.vectors)
 *(.progmem.gcc*)
 *(.dinit)
 .dinit         0x0000000000000094        0xc data_init
                0x00000000000000a0                . = ALIGN (0x2)
 *fill*         0x00000000000000a0        0x0 
                0x00000000000000a0                __trampolines_start = .
 *(.trampolines)
 .trampolines   0x00000000000000a0        0x0 linker stubs
 *(.trampolines*)
                0x00000000000000a0                __trampolines_end = .
 *libprintf_flt.a:*(.progmem.data)
 *libc.a:*(.progmem.data)
                0x00000000000000a0                . = ALIGN (0x2)
 *(.jumptables)
 *(.jumptables*)
 *(.lowtext)
 *(.lowtext*)
                0x00000000000000a0                __ctors_start = .
 *(.ctors)
                0x00000000000000a0                __ctors_end = .
                0x00000000000000a0                __dtors_start = .
 *(.dtors)
                0x00000000000000a0                __dtors_end = .
 SORT(*)(.ctors)
 SORT(*)(.dtors)
 *(.init0)
 .init0         0x00000000000000a0        0x0 C:/Users/Marek/Documents/Stralsund/Studium - Bachelor Motorsport Engineering/Studien_Programme/7.0/Packs/atmel/ATmega_DFP/1.7.374/xc8/avr/lib/avr51/memx-const/crtat90can128.o
                0x00000000000000a0                __init
 *(.init0)
 *(.init1)
 *(.init1)
 *(.init2)
 .init2         0x00000000000000a0        0xc C:/Users/Marek/Documents/Stralsund/Studium - Bachelor Motorsport Engineering/Studien_Programme/7.0/Packs/atmel/ATmega_DFP/1.7.374/xc8/avr/lib/avr51/memx-const/crtat90can128.o
 *(.init2)
 *(.init3)
 *(.init3)
 *(.init4)
 .init4         0x00000000000000ac       0x40 c:/program files/microchip/xc8/v2.36/avr/bin/../lib/gcc/avr/5.4.0/avr51/memx-const\libgcc.a(_copy_data.o)
                0x00000000000000ac                __do_copy_data
                0x00000000000000de                __do_clear_bss
 *(.init4)
 *(.init5)
 *(.init5)
 *(.init6)
 *(.init6)
 *(.init7)
 *(.init7)
 *(.init8)
 *(.init8)
 *(.init9)
 .init9         0x00000000000000ec        0x8 C:/Users/Marek/Documents/Stralsund/Studium - Bachelor Motorsport Engineering/Studien_Programme/7.0/Packs/atmel/ATmega_DFP/1.7.374/xc8/avr/lib/avr51/memx-const/crtat90can128.o
 *(.init9)
                0x00000000000000f4                . = ALIGN (0x2)
 *(.fini9)
 .fini9         0x00000000000000f4        0x0 c:/program files/microchip/xc8/v2.36/avr/bin/../lib/gcc/avr/5.4.0/avr51/memx-const\libgcc.a(_exit.o)
                0x00000000000000f4                _exit
 *(.fini9)
 *(.fini8)
 *(.fini8)
 *(.fini7)
 *(.fini7)
 *(.fini6)
 *(.fini6)
 *(.fini5)
 *(.fini5)
 *(.fini4)
 *(.fini4)
 *(.fini3)
 *(.fini3)
 *(.fini2)
 *(.fini2)
 *(.fini1)
 *(.fini1)
 *(.fini0)
 .fini0         0x00000000000000f4        0x4 c:/program files/microchip/xc8/v2.36/avr/bin/../lib/gcc/avr/5.4.0/avr51/memx-const\libgcc.a(_exit.o)
 *(.fini0)
                0x00000000000000f8                _etext = .

.data           0x0000000000800100        0x0 load address 0x00000000000000f8
                [!provide]                        PROVIDE (__data_start, .)
 *(.gnu.linkonce.d*)
 *(.gnu.linkonce.r*)
                0x0000000000800100                . = ALIGN (0x2)
                0x0000000000800100                _edata = .
                [!provide]                        PROVIDE (__data_end, .)

.bss            0x0000000000800100        0xc
                [!provide]                        PROVIDE (__bss_start, .)
 *(COMMON)
 COMMON         0x0000000000800100        0xc adc_functions.o
                0x0000000000800100                adc_values
                [!provide]                        PROVIDE (__bss_end, .)
                0x00000000000000f8                __data_load_start = LOADADDR (.data)
                0x00000000000000f8                __data_load_end = (__data_load_start + SIZEOF (.data))

.noinit         0x000000000080010c        0x0
                [!provide]                        PROVIDE (__noinit_start, .)
 *(.noinit*)
                [!provide]                        PROVIDE (__noinit_end, .)
                0x000000000080010c                _end = .

.eeprom         0x0000000000810000        0x0
 *(.eeprom*)
                0x0000000000810000                __eeprom_end = .

.fuse
 *(.fuse)
 *(.lfuse)
 *(.hfuse)
 *(.efuse)

.lock
 *(.lock*)

.signature
 *(.signature*)

.user_signatures
 *(.user_signatures*)

.stab
 *(.stab)

.stabstr
 *(.stabstr)

.stab.excl
 *(.stab.excl)

.stab.exclstr
 *(.stab.exclstr)

.stab.index
 *(.stab.index)

.stab.indexstr
 *(.stab.indexstr)

.comment        0x0000000000000000       0x2f
 *(.comment)
 .comment       0x0000000000000000       0x2f canlib.o
                                         0x30 (size before relaxing)
 .comment       0x000000000000002f       0x30 adc_functions.o
 .comment       0x000000000000002f       0x30 main.o
 .comment       0x000000000000002f       0x30 sensor_functions.o
 .comment       0x000000000000002f       0x30 system_config.o
 .comment       0x000000000000002f       0x30 c:/program files/microchip/xc8/v2.36/avr/bin/../lib/gcc/avr/5.4.0/../../../../avr/lib/avr51/memx-const\libc.a(exit.o)
 .comment       0x000000000000002f       0x30 c:/program files/microchip/xc8/v2.36/avr/bin/../lib/gcc/avr/5.4.0/../../../../avr/lib/avr51/memx-const\libc.a(_Exit.o)

.stack.descriptors.hdr
                0x0000000000000000       0xe0
 .stack.descriptors.hdr
                0x0000000000000000        0xe c:/program files/microchip/xc8/v2.36/avr/bin/../lib/gcc/avr/5.4.0/../../../../avr/lib/avr51/memx-const\libm.a(addsf3.o)
 .stack.descriptors.hdr
                0x000000000000000e        0xe c:/program files/microchip/xc8/v2.36/avr/bin/../lib/gcc/avr/5.4.0/../../../../avr/lib/avr51/memx-const\libm.a(addsf3x.o)
 .stack.descriptors.hdr
                0x000000000000001c        0xe c:/program files/microchip/xc8/v2.36/avr/bin/../lib/gcc/avr/5.4.0/../../../../avr/lib/avr51/memx-const\libm.a(divsf3.o)
 .stack.descriptors.hdr
                0x000000000000002a        0xe c:/program files/microchip/xc8/v2.36/avr/bin/../lib/gcc/avr/5.4.0/../../../../avr/lib/avr51/memx-const\libm.a(divsf3x.o)
 .stack.descriptors.hdr
                0x0000000000000038        0xe c:/program files/microchip/xc8/v2.36/avr/bin/../lib/gcc/avr/5.4.0/../../../../avr/lib/avr51/memx-const\libm.a(fixunssfsi.o)
 .stack.descriptors.hdr
                0x0000000000000046        0xe c:/program files/microchip/xc8/v2.36/avr/bin/../lib/gcc/avr/5.4.0/../../../../avr/lib/avr51/memx-const\libm.a(floatsisf.o)
 .stack.descriptors.hdr
                0x0000000000000054        0xe c:/program files/microchip/xc8/v2.36/avr/bin/../lib/gcc/avr/5.4.0/../../../../avr/lib/avr51/memx-const\libm.a(fp_inf.o)
 .stack.descriptors.hdr
                0x0000000000000062        0xe c:/program files/microchip/xc8/v2.36/avr/bin/../lib/gcc/avr/5.4.0/../../../../avr/lib/avr51/memx-const\libm.a(fp_nan.o)
 .stack.descriptors.hdr
                0x0000000000000070        0xe c:/program files/microchip/xc8/v2.36/avr/bin/../lib/gcc/avr/5.4.0/../../../../avr/lib/avr51/memx-const\libm.a(fp_pscA.o)
 .stack.descriptors.hdr
                0x000000000000007e        0xe c:/program files/microchip/xc8/v2.36/avr/bin/../lib/gcc/avr/5.4.0/../../../../avr/lib/avr51/memx-const\libm.a(fp_pscB.o)
 .stack.descriptors.hdr
                0x000000000000008c        0xe c:/program files/microchip/xc8/v2.36/avr/bin/../lib/gcc/avr/5.4.0/../../../../avr/lib/avr51/memx-const\libm.a(fp_round.o)
 .stack.descriptors.hdr
                0x000000000000009a        0xe c:/program files/microchip/xc8/v2.36/avr/bin/../lib/gcc/avr/5.4.0/../../../../avr/lib/avr51/memx-const\libm.a(fp_split3.o)
 .stack.descriptors.hdr
                0x00000000000000a8        0xe c:/program files/microchip/xc8/v2.36/avr/bin/../lib/gcc/avr/5.4.0/../../../../avr/lib/avr51/memx-const\libm.a(fp_zero.o)
 .stack.descriptors.hdr
                0x00000000000000b6        0xe c:/program files/microchip/xc8/v2.36/avr/bin/../lib/gcc/avr/5.4.0/../../../../avr/lib/avr51/memx-const\libm.a(mulsf3.o)
 .stack.descriptors.hdr
                0x00000000000000c4        0xe c:/program files/microchip/xc8/v2.36/avr/bin/../lib/gcc/avr/5.4.0/../../../../avr/lib/avr51/memx-const\libm.a(mulsf3x.o)
 .stack.descriptors.hdr
                0x00000000000000d2        0xe c:/program files/microchip/xc8/v2.36/avr/bin/../lib/gcc/avr/5.4.0/avr51/memx-const\libgcc.a(_exit.o)

.note.GNU-stack
                0x0000000000000000        0x0
 .note.GNU-stack
                0x0000000000000000        0x0 c:/program files/microchip/xc8/v2.36/avr/bin/../lib/gcc/avr/5.4.0/../../../../avr/lib/avr51/memx-const\libm.a(addsf3.o)
 .note.GNU-stack
                0x0000000000000000        0x0 c:/program files/microchip/xc8/v2.36/avr/bin/../lib/gcc/avr/5.4.0/../../../../avr/lib/avr51/memx-const\libm.a(addsf3x.o)
 .note.GNU-stack
                0x0000000000000000        0x0 c:/program files/microchip/xc8/v2.36/avr/bin/../lib/gcc/avr/5.4.0/../../../../avr/lib/avr51/memx-const\libm.a(divsf3.o)
 .note.GNU-stack
                0x0000000000000000        0x0 c:/program files/microchip/xc8/v2.36/avr/bin/../lib/gcc/avr/5.4.0/../../../../avr/lib/avr51/memx-const\libm.a(divsf3x.o)
 .note.GNU-stack
                0x0000000000000000        0x0 c:/program files/microchip/xc8/v2.36/avr/bin/../lib/gcc/avr/5.4.0/../../../../avr/lib/avr51/memx-const\libm.a(fixunssfsi.o)
 .note.GNU-stack
                0x0000000000000000        0x0 c:/program files/microchip/xc8/v2.36/avr/bin/../lib/gcc/avr/5.4.0/../../../../avr/lib/avr51/memx-const\libm.a(floatsisf.o)
 .note.GNU-stack
                0x0000000000000000        0x0 c:/program files/microchip/xc8/v2.36/avr/bin/../lib/gcc/avr/5.4.0/../../../../avr/lib/avr51/memx-const\libm.a(fp_inf.o)
 .note.GNU-stack
                0x0000000000000000        0x0 c:/program files/microchip/xc8/v2.36/avr/bin/../lib/gcc/avr/5.4.0/../../../../avr/lib/avr51/memx-const\libm.a(fp_nan.o)
 .note.GNU-stack
                0x0000000000000000        0x0 c:/program files/microchip/xc8/v2.36/avr/bin/../lib/gcc/avr/5.4.0/../../../../avr/lib/avr51/memx-const\libm.a(fp_pscA.o)
 .note.GNU-stack
                0x0000000000000000        0x0 c:/program files/microchip/xc8/v2.36/avr/bin/../lib/gcc/avr/5.4.0/../../../../avr/lib/avr51/memx-const\libm.a(fp_pscB.o)
 .note.GNU-stack
                0x0000000000000000        0x0 c:/program files/microchip/xc8/v2.36/avr/bin/../lib/gcc/avr/5.4.0/../../../../avr/lib/avr51/memx-const\libm.a(fp_round.o)
 .note.GNU-stack
                0x0000000000000000        0x0 c:/program files/microchip/xc8/v2.36/avr/bin/../lib/gcc/avr/5.4.0/../../../../avr/lib/avr51/memx-const\libm.a(fp_split3.o)
 .note.GNU-stack
                0x0000000000000000        0x0 c:/program files/microchip/xc8/v2.36/avr/bin/../lib/gcc/avr/5.4.0/../../../../avr/lib/avr51/memx-const\libm.a(fp_zero.o)
 .note.GNU-stack
                0x0000000000000000        0x0 c:/program files/microchip/xc8/v2.36/avr/bin/../lib/gcc/avr/5.4.0/../../../../avr/lib/avr51/memx-const\libm.a(mulsf3.o)
 .note.GNU-stack
                0x0000000000000000        0x0 c:/program files/microchip/xc8/v2.36/avr/bin/../lib/gcc/avr/5.4.0/../../../../avr/lib/avr51/memx-const\libm.a(mulsf3x.o)
 .note.GNU-stack
                0x0000000000000000        0x0 c:/program files/microchip/xc8/v2.36/avr/bin/../lib/gcc/avr/5.4.0/../../../../avr/lib/avr51/memx-const\libc.a(exit.o)
 .note.GNU-stack
                0x0000000000000000        0x0 c:/program files/microchip/xc8/v2.36/avr/bin/../lib/gcc/avr/5.4.0/../../../../avr/lib/avr51/memx-const\libc.a(_Exit.o)

.note.gnu.build-id
 *(.note.gnu.build-id)

.debug
 *(.debug)

.line
 *(.line)

.debug_srcinfo
 *(.debug_srcinfo)

.debug_sfnames
 *(.debug_sfnames)

.debug_aranges  0x0000000000000000       0xe8
 *(.debug_aranges)
 .debug_aranges
                0x0000000000000000       0x38 canlib.o
 .debug_aranges
                0x0000000000000038       0x38 adc_functions.o
 .debug_aranges
                0x0000000000000070       0x20 main.o
 .debug_aranges
                0x0000000000000090       0x28 sensor_functions.o
 .debug_aranges
                0x00000000000000b8       0x30 system_config.o

.debug_pubnames
 *(.debug_pubnames)

.debug_info     0x0000000000000000     0x1ce2
 *(.debug_info .gnu.linkonce.wi.*)
 .debug_info    0x0000000000000000      0xa2d C:/Users/Marek/Documents/Stralsund/Studium - Bachelor Motorsport Engineering/Studien_Programme/7.0/Packs/atmel/ATmega_DFP/1.7.374/xc8/avr/lib/avr51/memx-const/crtat90can128.o
 .debug_info    0x0000000000000a2d      0x447 canlib.o
 .debug_info    0x0000000000000e74      0x385 adc_functions.o
 .debug_info    0x00000000000011f9      0x4a6 main.o
 .debug_info    0x000000000000169f      0x33a sensor_functions.o
 .debug_info    0x00000000000019d9      0x309 system_config.o

.debug_abbrev   0x0000000000000000      0xcb1
 *(.debug_abbrev)
 .debug_abbrev  0x0000000000000000      0x9a0 C:/Users/Marek/Documents/Stralsund/Studium - Bachelor Motorsport Engineering/Studien_Programme/7.0/Packs/atmel/ATmega_DFP/1.7.374/xc8/avr/lib/avr51/memx-const/crtat90can128.o
 .debug_abbrev  0x00000000000009a0       0xe2 canlib.o
 .debug_abbrev  0x0000000000000a82       0xaa adc_functions.o
 .debug_abbrev  0x0000000000000b2c       0xbb main.o
 .debug_abbrev  0x0000000000000be7       0x73 sensor_functions.o
 .debug_abbrev  0x0000000000000c5a       0x57 system_config.o

.debug_line     0x0000000000000000      0x855
 *(.debug_line .debug_line.* .debug_line_end)
 .debug_line    0x0000000000000000      0x179 C:/Users/Marek/Documents/Stralsund/Studium - Bachelor Motorsport Engineering/Studien_Programme/7.0/Packs/atmel/ATmega_DFP/1.7.374/xc8/avr/lib/avr51/memx-const/crtat90can128.o
 .debug_line    0x0000000000000179      0x2a4 canlib.o
 .debug_line    0x000000000000041d      0x114 adc_functions.o
 .debug_line    0x0000000000000531      0x1b9 main.o
 .debug_line    0x00000000000006ea       0x85 sensor_functions.o
 .debug_line    0x000000000000076f       0xe6 system_config.o

.debug_frame    0x0000000000000000      0x268
 *(.debug_frame)
 .debug_frame   0x0000000000000000       0x94 canlib.o
 .debug_frame   0x0000000000000094       0xbc adc_functions.o
 .debug_frame   0x0000000000000150       0x34 main.o
 .debug_frame   0x0000000000000184       0x54 sensor_functions.o
 .debug_frame   0x00000000000001d8       0x90 system_config.o

.debug_str      0x0000000000000000      0x39f
 *(.debug_str)
 .debug_str     0x0000000000000000      0x39f C:/Users/Marek/Documents/Stralsund/Studium - Bachelor Motorsport Engineering/Studien_Programme/7.0/Packs/atmel/ATmega_DFP/1.7.374/xc8/avr/lib/avr51/memx-const/crtat90can128.o
 .debug_str     0x000000000000039f        0x0 canlib.o
 .debug_str     0x000000000000039f        0x0 adc_functions.o
 .debug_str     0x000000000000039f        0x0 main.o
 .debug_str     0x000000000000039f        0x0 sensor_functions.o
 .debug_str     0x000000000000039f        0x0 system_config.o

.debug_loc      0x0000000000000000      0x455
 *(.debug_loc)
 .debug_loc     0x0000000000000000      0x120 canlib.o
 .debug_loc     0x0000000000000120      0x161 adc_functions.o
 .debug_loc     0x0000000000000281       0x47 main.o
 .debug_loc     0x00000000000002c8       0x8e sensor_functions.o
 .debug_loc     0x0000000000000356       0xff system_config.o

.debug_macinfo
 *(.debug_macinfo)

.debug_weaknames
 *(.debug_weaknames)

.debug_funcnames
 *(.debug_funcnames)

.debug_typenames
 *(.debug_typenames)

.debug_varnames
 *(.debug_varnames)

.debug_pubtypes
 *(.debug_pubtypes)

.debug_ranges   0x0000000000000000       0x98
 *(.debug_ranges)
 .debug_ranges  0x0000000000000000       0x28 canlib.o
 .debug_ranges  0x0000000000000028       0x28 adc_functions.o
 .debug_ranges  0x0000000000000050       0x10 main.o
 .debug_ranges  0x0000000000000060       0x18 sensor_functions.o
 .debug_ranges  0x0000000000000078       0x20 system_config.o

.debug_macro
 *(.debug_macro)
OUTPUT(SHB_Firmware.elf elf32-avr)
LOAD linker stubs
LOAD data_init

.note.gnu.avr.deviceinfo
                0x0000000000000000       0x40
 .note.gnu.avr.deviceinfo
                0x0000000000000000       0x40 C:/Users/Marek/Documents/Stralsund/Studium - Bachelor Motorsport Engineering/Studien_Programme/7.0/Packs/atmel/ATmega_DFP/1.7.374/xc8/avr/lib/avr51/memx-const/crtat90can128.o

.bss.adc_next   0x000000000080011c        0x1
 .bss.adc_next  0x000000000080011c        0x1 adc_functions.o
                0x000000000080011c                adc_next

.bss.sys_tick   0x000000000080010c        0x4
 .bss.sys_tick  0x000000000080010c        0x4 main.o
                0x000000000080010c                sys_tick

.bss.time_old   0x0000000000800110        0x4
 .bss.time_old  0x0000000000800110        0x4 main.o
                0x0000000000800110                time_old

.bss.time_old_10ms
                0x0000000000800114        0x4
 .bss.time_old_10ms
                0x0000000000800114        0x4 main.o
                0x0000000000800114                time_old_10ms

.bss.time_old_100ms
                0x0000000000800118        0x4
 .bss.time_old_100ms
                0x0000000000800118        0x4 main.o
                0x0000000000800118                time_old_100ms

.text.main      0x00000000000000f8      0x2c8
 .text.main     0x00000000000000f8      0x2c8 main.o
                0x00000000000000f8                main

.text.can_tx    0x00000000000003c0      0x128
 .text.can_tx   0x00000000000003c0      0x128 canlib.o
                0x00000000000003c0                can_tx

.text.can_cfg   0x00000000000004e8      0x10e
 .text.can_cfg  0x00000000000004e8      0x10e canlib.o
                0x00000000000004e8                can_cfg

.text           0x00000000000005f6       0xde
 .text          0x00000000000005f6       0xde c:/program files/microchip/xc8/v2.36/avr/bin/../lib/gcc/avr/5.4.0/../../../../avr/lib/avr51/memx-const\libm.a(divsf3x.o)
                0x00000000000005f6                __divsf3x
                0x000000000000061e                __divsf3_pse

.text           0x00000000000006d4       0xd4
 .text          0x00000000000006d4       0xd4 c:/program files/microchip/xc8/v2.36/avr/bin/../lib/gcc/avr/5.4.0/../../../../avr/lib/avr51/memx-const\libm.a(mulsf3x.o)
                0x00000000000006d4                __mulsf3x
                0x00000000000006fa                __mulsf3_pse

.text           0x00000000000007a8       0xce
 .text          0x00000000000007a8       0xce c:/program files/microchip/xc8/v2.36/avr/bin/../lib/gcc/avr/5.4.0/../../../../avr/lib/avr51/memx-const\libm.a(addsf3x.o)
                0x00000000000007a8                __addsf3x

.text.__vector_25
                0x0000000000000876       0x86
 .text.__vector_25
                0x0000000000000876       0x86 adc_functions.o
                0x0000000000000876                __vector_25

.text.temp_calc
                0x00000000000008fc       0x80
 .text.temp_calc
                0x00000000000008fc       0x80 sensor_functions.o
                0x00000000000008fc                temp_calc

.text.can_check_free
                0x000000000000097c       0x7a
 .text.can_check_free
                0x000000000000097c       0x7a canlib.o
                0x000000000000097c                can_check_free

.text           0x00000000000009f6       0x7a
 .text          0x00000000000009f6       0x7a c:/program files/microchip/xc8/v2.36/avr/bin/../lib/gcc/avr/5.4.0/../../../../avr/lib/avr51/memx-const\libm.a(floatsisf.o)
                0x00000000000009f6                __floatunsisf
                0x00000000000009fa                __floatsisf

.text.damper_poti
                0x0000000000000a70       0x76
 .text.damper_poti
                0x0000000000000a70       0x76 sensor_functions.o
                0x0000000000000a70                damper_poti

.text           0x0000000000000ae6       0x5e
 .text          0x0000000000000ae6       0x5e c:/program files/microchip/xc8/v2.36/avr/bin/../lib/gcc/avr/5.4.0/../../../../avr/lib/avr51/memx-const\libm.a(fixunssfsi.o)
                0x0000000000000ae6                __fixunssfsi

.text.__vector_16
                0x0000000000000b44       0x58
 .text.__vector_16
                0x0000000000000b44       0x58 system_config.o
                0x0000000000000b44                __vector_16

.text.port_config
                0x0000000000000b9c       0x46
 .text.port_config
                0x0000000000000b9c       0x46 system_config.o
                0x0000000000000b9c                port_config

.text           0x0000000000000be2       0x44
 .text          0x0000000000000be2       0x44 c:/program files/microchip/xc8/v2.36/avr/bin/../lib/gcc/avr/5.4.0/../../../../avr/lib/avr51/memx-const\libm.a(fp_split3.o)
                0x0000000000000be2                __fp_split3
                0x0000000000000bf2                __fp_splitA

.text.adc_config
                0x0000000000000c26       0x36
 .text.adc_config
                0x0000000000000c26       0x36 adc_functions.o
                0x0000000000000c26                adc_config

.text.sys_timer_config
                0x0000000000000c5c       0x2e
 .text.sys_timer_config
                0x0000000000000c5c       0x2e system_config.o
                0x0000000000000c5c                sys_timer_config

.text.adc_get   0x0000000000000c8a       0x28
 .text.adc_get  0x0000000000000c8a       0x28 adc_functions.o
                0x0000000000000c8a                adc_get

.text.adc_start_conversion
                0x0000000000000cb2       0x24
 .text.adc_start_conversion
                0x0000000000000cb2       0x24 adc_functions.o
                0x0000000000000cb2                adc_start_conversion

.text           0x0000000000000cd6       0x22
 .text          0x0000000000000cd6       0x22 c:/program files/microchip/xc8/v2.36/avr/bin/../lib/gcc/avr/5.4.0/../../../../avr/lib/avr51/memx-const\libm.a(fp_round.o)
                0x0000000000000cd6                __fp_round

.text.exit      0x0000000000000cf8       0x16
 .text.exit     0x0000000000000cf8       0x16 c:/program files/microchip/xc8/v2.36/avr/bin/../lib/gcc/avr/5.4.0/../../../../avr/lib/avr51/memx-const\libc.a(exit.o)
                0x0000000000000cf8                exit

.text           0x0000000000000d0e        0xe
 .text          0x0000000000000d0e        0xe c:/program files/microchip/xc8/v2.36/avr/bin/../lib/gcc/avr/5.4.0/../../../../avr/lib/avr51/memx-const\libm.a(addsf3.o)
                0x0000000000000d0e                __subsf3
                0x0000000000000d10                __addsf3

.text           0x0000000000000d1c        0xe
 .text          0x0000000000000d1c        0xe c:/program files/microchip/xc8/v2.36/avr/bin/../lib/gcc/avr/5.4.0/../../../../avr/lib/avr51/memx-const\libm.a(fp_pscA.o)
                0x0000000000000d1c                __fp_pscA

.text           0x0000000000000d2a        0xe
 .text          0x0000000000000d2a        0xe c:/program files/microchip/xc8/v2.36/avr/bin/../lib/gcc/avr/5.4.0/../../../../avr/lib/avr51/memx-const\libm.a(fp_pscB.o)
                0x0000000000000d2a                __fp_pscB

.text           0x0000000000000d38        0xe
 .text          0x0000000000000d38        0xe c:/program files/microchip/xc8/v2.36/avr/bin/../lib/gcc/avr/5.4.0/../../../../avr/lib/avr51/memx-const\libm.a(fp_zero.o)
                0x0000000000000d38                __fp_zero
                0x0000000000000d3a                __fp_szero

.text           0x0000000000000d46        0xc
 .text          0x0000000000000d46        0xc c:/program files/microchip/xc8/v2.36/avr/bin/../lib/gcc/avr/5.4.0/../../../../avr/lib/avr51/memx-const\libm.a(fp_inf.o)
                0x0000000000000d46                __fp_inf

.text           0x0000000000000d52        0x8
 .text          0x0000000000000d52        0x8 c:/program files/microchip/xc8/v2.36/avr/bin/../lib/gcc/avr/5.4.0/../../../../avr/lib/avr51/memx-const\libm.a(divsf3.o)
                0x0000000000000d52                __divsf3

.text           0x0000000000000d5a        0x8
 .text          0x0000000000000d5a        0x8 c:/program files/microchip/xc8/v2.36/avr/bin/../lib/gcc/avr/5.4.0/../../../../avr/lib/avr51/memx-const\libm.a(mulsf3.o)
                0x0000000000000d5a                __mulsf3

.text           0x0000000000000d62        0x6
 .text          0x0000000000000d62        0x6 c:/program files/microchip/xc8/v2.36/avr/bin/../lib/gcc/avr/5.4.0/../../../../avr/lib/avr51/memx-const\libm.a(fp_nan.o)
                0x0000000000000d62                __fp_nan

.text           0x0000000000000d68        0x4
 .text          0x0000000000000d68        0x4 C:/Users/Marek/Documents/Stralsund/Studium - Bachelor Motorsport Engineering/Studien_Programme/7.0/Packs/atmel/ATmega_DFP/1.7.374/xc8/avr/lib/avr51/memx-const/crtat90can128.o
                0x0000000000000d68                __vector_22
                0x0000000000000d68                __vector_28
                0x0000000000000d68                __vector_1
                0x0000000000000d68                __vector_32
                0x0000000000000d68                __vector_34
                0x0000000000000d68                __vector_24
                0x0000000000000d68                __vector_12
                0x0000000000000d68                __bad_interrupt
                0x0000000000000d68                __vector_6
                0x0000000000000d68                __vector_31
                0x0000000000000d68                __vector_35
                0x0000000000000d68                __vector_3
                0x0000000000000d68                __vector_23
                0x0000000000000d68                __vector_30
                0x0000000000000d68                __vector_11
                0x0000000000000d68                __vector_13
                0x0000000000000d68                __vector_17
                0x0000000000000d68                __vector_19
                0x0000000000000d68                __vector_7
                0x0000000000000d68                __vector_27
                0x0000000000000d68                __vector_5
                0x0000000000000d68                __vector_33
                0x0000000000000d68                __vector_4
                0x0000000000000d68                __vector_9
                0x0000000000000d68                __vector_2
                0x0000000000000d68                __vector_21
                0x0000000000000d68                __vector_15
                0x0000000000000d68                __vector_36
                0x0000000000000d68                __vector_29
                0x0000000000000d68                __vector_8
                0x0000000000000d68                __vector_26
                0x0000000000000d68                __vector_14
                0x0000000000000d68                __vector_10
                0x0000000000000d68                __vector_18
                0x0000000000000d68                __vector_20

.text._Exit     0x0000000000000d6c        0x4
 .text._Exit    0x0000000000000d6c        0x4 c:/program files/microchip/xc8/v2.36/avr/bin/../lib/gcc/avr/5.4.0/../../../../avr/lib/avr51/memx-const\libc.a(_Exit.o)
                0x0000000000000d6c                _Exit

.text.__dummy_fini
                0x0000000000000d70        0x2
 .text.__dummy_fini
                0x0000000000000d70        0x2 c:/program files/microchip/xc8/v2.36/avr/bin/../lib/gcc/avr/5.4.0/../../../../avr/lib/avr51/memx-const\libc.a(exit.o)
                0x0000000000000d70                _fini

.text.__dummy_funcs_on_exit
                0x0000000000000d72        0x2
 .text.__dummy_funcs_on_exit
                0x0000000000000d72        0x2 c:/program files/microchip/xc8/v2.36/avr/bin/../lib/gcc/avr/5.4.0/../../../../avr/lib/avr51/memx-const\libc.a(exit.o)
                0x0000000000000d72                __funcs_on_exit

.text.__dummy_simulator_exit
                0x0000000000000d74        0x2
 .text.__dummy_simulator_exit
                0x0000000000000d74        0x2 c:/program files/microchip/xc8/v2.36/avr/bin/../lib/gcc/avr/5.4.0/../../../../avr/lib/avr51/memx-const\libc.a(exit.o)
                0x0000000000000d74                __simulator_exit

.data.i         0x000000000080011d        0x1 load address 0x0000000000000d76
 .data.i        0x000000000080011d        0x1 main.o
                0x000000000080011d                i
